[14:21:57] ==============================================================================
[14:21:57] ### PHIEN MOI luc 2026-08-24 14:21:57
[14:21:57] ### KHOI DONG: D:\Camera\Dev\deploy\Service_Manager\modules\stream_camera\Stream_camera_Sony_20260508\Stream_camera_Sony_20260508.exe
[14:21:57] ### Thu muc lam viec: D:\Camera\Dev\deploy\Service_Manager\modules\stream_camera\Stream_camera_Sony_20260508
[14:21:57] ### PID = 40132
[14:21:59] 2026-08-24 14:21:59,022 [INFO] Snapshot endpoint ready: http://0.0.0.0:8001/snapshot (mặc định PNG, còn có /snapshot.png và /snapshot.jpg)
[14:21:59] 2026-08-24 14:21:59,025 [INFO] Đang mở camera Sony...
[14:22:00] 2026-08-24 14:22:00,296 [INFO] Camera đã mở: 1920x1080 @ 30.00003000003 FPS
[14:22:00] 2026-08-24 14:22:00,298 [INFO] Đang khởi động FFmpeg đẩy luồng tới: rtsp://localhost:8554/mystream
[14:22:00] 2026-08-24 14:22:00,298 [INFO] GOP = 30 frame (1.0s/keyframe)
[14:22:00] 2026-08-24 14:22:00,317 [INFO] Bắt đầu đẩy luồng RTSP (Bấm Ctrl+C để dừng)...
[14:22:05] 2026-08-24 14:22:05,324 [INFO] Đang đẩy RTSP FPS: 29.76
[14:22:10] 2026-08-24 14:22:10,334 [INFO] Đang đẩy RTSP FPS: 29.96
[14:22:15] 2026-08-24 14:22:15,368 [INFO] Đang đẩy RTSP FPS: 29.99
[14:22:20] 2026-08-24 14:22:20,391 [INFO] Đang đẩy RTSP FPS: 30.07
[14:22:25] 2026-08-24 14:22:25,403 [INFO] Đang đẩy RTSP FPS: 29.92
[14:22:30] 2026-08-24 14:22:30,429 [INFO] Đang đẩy RTSP FPS: 30.04
[14:22:35] 2026-08-24 14:22:35,460 [INFO] Đang đẩy RTSP FPS: 30.03
[14:22:40] 2026-08-24 14:22:40,467 [INFO] Đang đẩy RTSP FPS: 29.96
[14:22:45] 2026-08-24 14:22:45,488 [INFO] Đang đẩy RTSP FPS: 30.08
[14:22:50] 2026-08-24 14:22:50,497 [INFO] Đang đẩy RTSP FPS: 29.95
[14:22:55] 2026-08-24 14:22:55,520 [INFO] Đang đẩy RTSP FPS: 30.06
[14:23:00] 2026-08-24 14:23:00,533 [INFO] Đang đẩy RTSP FPS: 29.92
[14:23:05] 2026-08-24 14:23:05,571 [INFO] Đang đẩy RTSP FPS: 29.97
[14:23:10] 2026-08-24 14:23:10,589 [INFO] Đang đẩy RTSP FPS: 30.09
[14:23:15] 2026-08-24 14:23:15,601 [INFO] Đang đẩy RTSP FPS: 29.95
[14:23:20] 2026-08-24 14:23:20,620 [INFO] Đang đẩy RTSP FPS: 30.14
[14:23:25] 2026-08-24 14:23:25,635 [INFO] Đang đẩy RTSP FPS: 29.91
[14:23:30] 2026-08-24 14:23:30,660 [INFO] Đang đẩy RTSP FPS: 30.05
[14:23:35] 2026-08-24 14:23:35,676 [INFO] Đang đẩy RTSP FPS: 29.92
[14:23:40] 2026-08-24 14:23:40,695 [INFO] Đang đẩy RTSP FPS: 30.10
[14:23:45] 2026-08-24 14:23:45,727 [INFO] Đang đẩy RTSP FPS: 30.04
[14:23:50] 2026-08-24 14:23:50,759 [INFO] Đang đẩy RTSP FPS: 30.01
[14:23:55] 2026-08-24 14:23:55,795 [INFO] Đang đẩy RTSP FPS: 30.00
[14:24:00] 2026-08-24 14:24:00,803 [INFO] Đang đẩy RTSP FPS: 29.96
[14:24:05] 2026-08-24 14:24:05,828 [INFO] Đang đẩy RTSP FPS: 30.10
[14:24:10] 2026-08-24 14:24:10,856 [INFO] Đang đẩy RTSP FPS: 30.03
[14:24:15] 2026-08-24 14:24:15,886 [INFO] Đang đẩy RTSP FPS: 30.02
[14:24:20] 2026-08-24 14:24:20,888 [INFO] Đang đẩy RTSP FPS: 30.00
[14:24:25] 2026-08-24 14:24:25,923 [INFO] Đang đẩy RTSP FPS: 30.01
[14:24:30] 2026-08-24 14:24:30,959 [INFO] Đang đẩy RTSP FPS: 30.00
[14:24:35] 2026-08-24 14:24:35,995 [INFO] Đang đẩy RTSP FPS: 30.01
[14:24:41] 2026-08-24 14:24:41,029 [INFO] Đang đẩy RTSP FPS: 29.99
[14:24:46] 2026-08-24 14:24:46,030 [INFO] Đang đẩy RTSP FPS: 30.00
[14:24:51] 2026-08-24 14:24:51,056 [INFO] Đang đẩy RTSP FPS: 30.04
[14:24:56] 2026-08-24 14:24:56,092 [INFO] Đang đẩy RTSP FPS: 29.99
[14:25:01] 2026-08-24 14:25:01,095 [INFO] Đang đẩy RTSP FPS: 29.98
[14:25:06] 2026-08-24 14:25:06,117 [INFO] Đang đẩy RTSP FPS: 30.07
[14:25:11] 2026-08-24 14:25:11,152 [INFO] Đang đẩy RTSP FPS: 29.99
[14:25:16] 2026-08-24 14:25:16,184 [INFO] Đang đẩy RTSP FPS: 30.02
[14:25:21] 2026-08-24 14:25:21,218 [INFO] Đang đẩy RTSP FPS: 30.00
[14:25:26] 2026-08-24 14:25:26,220 [INFO] Đang đẩy RTSP FPS: 29.99
[14:25:31] 2026-08-24 14:25:31,240 [INFO] Đang đẩy RTSP FPS: 29.90
[14:25:36] 2026-08-24 14:25:36,255 [INFO] Đang đẩy RTSP FPS: 30.11
[14:25:41] 2026-08-24 14:25:41,289 [INFO] Đang đẩy RTSP FPS: 30.02
[14:25:46] 2026-08-24 14:25:46,300 [INFO] Đang đẩy RTSP FPS: 29.96
[14:25:51] 2026-08-24 14:25:51,319 [INFO] Đang đẩy RTSP FPS: 30.09
[14:25:56] 2026-08-24 14:25:56,320 [INFO] Đang đẩy RTSP FPS: 30.00
[14:26:01] 2026-08-24 14:26:01,352 [INFO] Đang đẩy RTSP FPS: 30.02
[14:26:06] 2026-08-24 14:26:06,386 [INFO] Đang đẩy RTSP FPS: 30.02
[14:26:11] 2026-08-24 14:26:11,387 [INFO] Đang đẩy RTSP FPS: 29.99
[14:26:16] 2026-08-24 14:26:16,419 [INFO] Đang đẩy RTSP FPS: 30.01
[14:26:21] 2026-08-24 14:26:21,428 [INFO] Đang đẩy RTSP FPS: 29.96
[14:26:26] 2026-08-24 14:26:26,453 [INFO] Đang đẩy RTSP FPS: 30.05
[14:26:31] 2026-08-24 14:26:31,461 [INFO] Đang đẩy RTSP FPS: 29.95
[14:26:36] 2026-08-24 14:26:36,472 [INFO] Đang đẩy RTSP FPS: 29.95
[14:26:41] 2026-08-24 14:26:41,473 [INFO] Đang đẩy RTSP FPS: 29.99
[14:26:46] 2026-08-24 14:26:46,486 [INFO] Đang đẩy RTSP FPS: 30.12
[14:26:51] 2026-08-24 14:26:51,518 [INFO] Đang đẩy RTSP FPS: 30.03
[14:26:56] 2026-08-24 14:26:56,534 [INFO] Đang đẩy RTSP FPS: 29.92
[14:27:01] 2026-08-24 14:27:01,560 [INFO] Đang đẩy RTSP FPS: 30.05
[14:27:06] 2026-08-24 14:27:06,595 [INFO] Đang đẩy RTSP FPS: 30.01
[14:27:11] 2026-08-24 14:27:11,599 [INFO] Đang đẩy RTSP FPS: 29.98
[14:27:16] 2026-08-24 14:27:16,600 [INFO] Đang đẩy RTSP FPS: 29.99
[14:27:21] 2026-08-24 14:27:21,603 [INFO] Đang đẩy RTSP FPS: 29.98
[14:27:26] 2026-08-24 14:27:26,605 [INFO] Đang đẩy RTSP FPS: 29.98
[14:27:31] 2026-08-24 14:27:31,633 [INFO] Đang đẩy RTSP FPS: 30.04
[14:27:36] 2026-08-24 14:27:36,657 [INFO] Đang đẩy RTSP FPS: 30.06
[14:27:41] 2026-08-24 14:27:41,675 [INFO] Đang đẩy RTSP FPS: 29.89
[14:27:46] 2026-08-24 14:27:46,698 [INFO] Đang đẩy RTSP FPS: 30.07
[14:27:51] 2026-08-24 14:27:51,705 [INFO] Đang đẩy RTSP FPS: 29.98
[14:27:56] 2026-08-24 14:27:56,734 [INFO] Đang đẩy RTSP FPS: 30.05
[14:28:01] 2026-08-24 14:28:01,762 [INFO] Đang đẩy RTSP FPS: 30.03
[14:28:06] 2026-08-24 14:28:06,776 [INFO] Đang đẩy RTSP FPS: 29.91
[14:28:11] 2026-08-24 14:28:11,806 [INFO] Đang đẩy RTSP FPS: 30.06
[14:28:16] 2026-08-24 14:28:16,831 [INFO] Đang đẩy RTSP FPS: 30.05
[14:28:21] 2026-08-24 14:28:21,862 [INFO] Đang đẩy RTSP FPS: 30.04
[14:28:26] 2026-08-24 14:28:26,866 [INFO] Đang đẩy RTSP FPS: 29.98
[14:28:31] 2026-08-24 14:28:31,899 [INFO] Đang đẩy RTSP FPS: 30.04
[14:28:36] 2026-08-24 14:28:36,937 [INFO] Đang đẩy RTSP FPS: 29.97
[14:28:41] 2026-08-24 14:28:41,947 [INFO] Đang đẩy RTSP FPS: 29.94
[14:28:46] 2026-08-24 14:28:46,963 [INFO] Đang đẩy RTSP FPS: 30.15
[14:28:51] 2026-08-24 14:28:51,995 [INFO] Đang đẩy RTSP FPS: 30.01
[14:28:57] 2026-08-24 14:28:57,000 [INFO] Đang đẩy RTSP FPS: 29.97
[14:29:02] 2026-08-24 14:29:02,022 [INFO] Đang đẩy RTSP FPS: 30.10
[14:29:07] 2026-08-24 14:29:07,032 [INFO] Đang đẩy RTSP FPS: 29.94
[14:29:12] 2026-08-24 14:29:12,053 [INFO] Đang đẩy RTSP FPS: 30.10
[14:29:17] 2026-08-24 14:29:17,094 [INFO] Đang đẩy RTSP FPS: 29.97
[14:29:22] 2026-08-24 14:29:22,097 [INFO] Đang đẩy RTSP FPS: 29.98
[14:29:27] 2026-08-24 14:29:27,123 [INFO] Đang đẩy RTSP FPS: 30.04
[14:29:32] 2026-08-24 14:29:32,153 [INFO] Đang đẩy RTSP FPS: 30.02
[14:29:37] 2026-08-24 14:29:37,168 [INFO] Đang đẩy RTSP FPS: 29.92
[14:29:42] 2026-08-24 14:29:42,196 [INFO] Đang đẩy RTSP FPS: 30.05
[14:29:47] 2026-08-24 14:29:47,197 [INFO] Đang đẩy RTSP FPS: 29.99
[14:29:52] 2026-08-24 14:29:52,221 [INFO] Đang đẩy RTSP FPS: 30.08
[14:29:57] 2026-08-24 14:29:57,227 [INFO] Đang đẩy RTSP FPS: 29.97
[14:30:02] 2026-08-24 14:30:02,254 [INFO] Đang đẩy RTSP FPS: 30.06
[14:30:07] 2026-08-24 14:30:07,266 [INFO] Đang đẩy RTSP FPS: 29.73
[14:30:12] 2026-08-24 14:30:12,292 [INFO] Đang đẩy RTSP FPS: 29.85
[14:30:17] 2026-08-24 14:30:17,302 [INFO] Đang đẩy RTSP FPS: 29.96
[14:30:22] 2026-08-24 14:30:22,325 [INFO] Đang đẩy RTSP FPS: 30.07
[14:30:27] 2026-08-24 14:30:27,363 [INFO] Đang đẩy RTSP FPS: 29.99
[14:30:32] 2026-08-24 14:30:32,371 [INFO] Đang đẩy RTSP FPS: 29.98
[14:30:37] 2026-08-24 14:30:37,400 [INFO] Đang đẩy RTSP FPS: 30.07
[14:30:42] 2026-08-24 14:30:42,431 [INFO] Đang đẩy RTSP FPS: 30.05
[14:30:47] 2026-08-24 14:30:47,433 [INFO] Đang đẩy RTSP FPS: 29.99
[14:30:52] 2026-08-24 14:30:52,461 [INFO] Đang đẩy RTSP FPS: 30.06
[14:30:57] 2026-08-24 14:30:57,463 [INFO] Đang đẩy RTSP FPS: 29.99
[14:31:02] 2026-08-24 14:31:02,495 [INFO] Đang đẩy RTSP FPS: 30.03
[14:31:07] 2026-08-24 14:31:07,525 [INFO] Đang đẩy RTSP FPS: 30.03
[14:31:12] 2026-08-24 14:31:12,535 [INFO] Đang đẩy RTSP FPS: 29.97
[14:31:17] 2026-08-24 14:31:17,567 [INFO] Đang đẩy RTSP FPS: 30.01
[14:31:22] 2026-08-24 14:31:22,596 [INFO] Đang đẩy RTSP FPS: 30.06
[14:31:27] 2026-08-24 14:31:27,625 [INFO] Đang đẩy RTSP FPS: 30.04
[14:31:32] 2026-08-24 14:31:32,661 [INFO] Đang đẩy RTSP FPS: 30.01
[14:31:37] 2026-08-24 14:31:37,667 [INFO] Đang đẩy RTSP FPS: 29.96
[14:31:42] 2026-08-24 14:31:42,702 [INFO] Đang đẩy RTSP FPS: 29.99
[14:31:47] 2026-08-24 14:31:47,732 [INFO] Đang đẩy RTSP FPS: 30.02
[14:31:52] 2026-08-24 14:31:52,735 [INFO] Đang đẩy RTSP FPS: 29.98
[14:31:57] 2026-08-24 14:31:57,760 [INFO] Đang đẩy RTSP FPS: 30.06
[14:32:02] 2026-08-24 14:32:02,765 [INFO] Đang đẩy RTSP FPS: 29.97
[14:32:07] 2026-08-24 14:32:07,795 [INFO] Đang đẩy RTSP FPS: 29.62
[14:32:12] 2026-08-24 14:32:12,827 [INFO] Đang đẩy RTSP FPS: 30.03
[14:32:17] 2026-08-24 14:32:17,860 [INFO] Đang đẩy RTSP FPS: 30.02
[14:32:22] 2026-08-24 14:32:22,898 [INFO] Đang đẩy RTSP FPS: 30.00
[14:32:27] 2026-08-24 14:32:27,927 [INFO] Đang đẩy RTSP FPS: 30.05
[14:32:32] 2026-08-24 14:32:32,929 [INFO] Đang đẩy RTSP FPS: 29.99
[14:32:37] 2026-08-24 14:32:37,958 [INFO] Đang đẩy RTSP FPS: 30.05
[14:32:42] 2026-08-24 14:32:42,984 [INFO] Đang đẩy RTSP FPS: 30.04
[14:32:47] 2026-08-24 14:32:47,989 [INFO] Đang đẩy RTSP FPS: 29.98
[14:32:53] 2026-08-24 14:32:53,023 [INFO] Đang đẩy RTSP FPS: 30.01
[14:32:58] 2026-08-24 14:32:58,038 [INFO] Đang đẩy RTSP FPS: 29.92
[14:33:03] 2026-08-24 14:33:03,049 [INFO] Đang đẩy RTSP FPS: 30.17
[14:33:08] 2026-08-24 14:33:08,053 [INFO] Đang đẩy RTSP FPS: 29.98
[14:33:13] 2026-08-24 14:33:13,086 [INFO] Đang đẩy RTSP FPS: 30.01
[14:33:18] 2026-08-24 14:33:18,099 [INFO] Đang đẩy RTSP FPS: 29.92
[14:33:23] 2026-08-24 14:33:23,115 [INFO] Đang đẩy RTSP FPS: 30.12
[14:33:28] 2026-08-24 14:33:28,123 [INFO] Đang đẩy RTSP FPS: 29.96
[14:33:33] 2026-08-24 14:33:33,152 [INFO] Đang đẩy RTSP FPS: 30.03
[14:33:38] 2026-08-24 14:33:38,197 [INFO] Đang đẩy RTSP FPS: 29.93
[14:33:43] 2026-08-24 14:33:43,225 [INFO] Đang đẩy RTSP FPS: 30.05
[14:33:48] 2026-08-24 14:33:48,266 [INFO] Đang đẩy RTSP FPS: 29.96
[14:33:53] 2026-08-24 14:33:53,282 [INFO] Đang đẩy RTSP FPS: 30.12
[14:33:58] 2026-08-24 14:33:58,302 [INFO] Đang đẩy RTSP FPS: 29.90
[14:34:03] 2026-08-24 14:34:03,317 [INFO] Đang đẩy RTSP FPS: 30.12
[14:34:08] 2026-08-24 14:34:08,321 [INFO] Đang đẩy RTSP FPS: 29.97
[14:34:13] 2026-08-24 14:34:13,350 [INFO] Đang đẩy RTSP FPS: 30.04
[14:34:18] 2026-08-24 14:34:18,361 [INFO] Đang đẩy RTSP FPS: 29.95
[14:34:23] 2026-08-24 14:34:23,398 [INFO] Đang đẩy RTSP FPS: 30.00
[14:34:28] 2026-08-24 14:34:28,422 [INFO] Đang đẩy RTSP FPS: 30.06
[14:34:33] 2026-08-24 14:34:33,449 [INFO] Đang đẩy RTSP FPS: 30.05
[14:34:38] 2026-08-24 14:34:38,455 [INFO] Đang đẩy RTSP FPS: 29.96
[14:34:43] 2026-08-24 14:34:43,482 [INFO] Đang đẩy RTSP FPS: 30.04
[14:34:48] 2026-08-24 14:34:48,517 [INFO] Đang đẩy RTSP FPS: 29.99
[14:34:53] 2026-08-24 14:34:53,524 [INFO] Đang đẩy RTSP FPS: 29.98
[14:34:58] 2026-08-24 14:34:58,553 [INFO] Đang đẩy RTSP FPS: 30.03
[14:35:03] 2026-08-24 14:35:03,586 [INFO] Đang đẩy RTSP FPS: 30.02
[14:35:08] 2026-08-24 14:35:08,587 [INFO] Đang đẩy RTSP FPS: 29.99
[14:35:13] 2026-08-24 14:35:13,619 [INFO] Đang đẩy RTSP FPS: 30.01
[14:35:18] 2026-08-24 14:35:18,620 [INFO] Đang đẩy RTSP FPS: 30.00
[14:35:23] 2026-08-24 14:35:23,653 [INFO] Đang đẩy RTSP FPS: 30.01
[14:35:28] 2026-08-24 14:35:28,659 [INFO] Đang đẩy RTSP FPS: 29.98
[14:35:33] 2026-08-24 14:35:33,684 [INFO] Đang đẩy RTSP FPS: 30.09
[14:35:38] 2026-08-24 14:35:38,722 [INFO] Đang đẩy RTSP FPS: 29.99
[14:35:43] 2026-08-24 14:35:43,749 [INFO] Đang đẩy RTSP FPS: 30.05
[14:35:48] 2026-08-24 14:35:48,755 [INFO] Đang đẩy RTSP FPS: 29.96
[14:35:53] 2026-08-24 14:35:53,786 [INFO] Đang đẩy RTSP FPS: 30.04
[14:35:58] 2026-08-24 14:35:58,789 [INFO] Đang đẩy RTSP FPS: 29.98
[14:36:03] 2026-08-24 14:36:03,820 [INFO] Đang đẩy RTSP FPS: 30.03
[14:36:08] 2026-08-24 14:36:08,851 [INFO] Đang đẩy RTSP FPS: 30.01
[14:36:13] 2026-08-24 14:36:13,887 [INFO] Đang đẩy RTSP FPS: 30.00
[14:36:18] 2026-08-24 14:36:18,917 [INFO] Đang đẩy RTSP FPS: 30.03
[14:36:23] 2026-08-24 14:36:23,923 [INFO] Đang đẩy RTSP FPS: 29.98
[14:36:28] 2026-08-24 14:36:28,953 [INFO] Đang đẩy RTSP FPS: 30.04
[14:36:33] 2026-08-24 14:36:33,958 [INFO] Đang đẩy RTSP FPS: 30.00
[14:36:38] 2026-08-24 14:36:38,994 [INFO] Đang đẩy RTSP FPS: 29.98
[14:36:44] 2026-08-24 14:36:44,025 [INFO] Đang đẩy RTSP FPS: 30.03
[14:36:49] 2026-08-24 14:36:49,030 [INFO] Đang đẩy RTSP FPS: 29.99
[14:36:54] 2026-08-24 14:36:54,050 [INFO] Đang đẩy RTSP FPS: 30.11
[14:36:59] 2026-08-24 14:36:59,089 [INFO] Đang đẩy RTSP FPS: 29.98
[14:37:04] 2026-08-24 14:37:04,117 [INFO] Đang đẩy RTSP FPS: 30.05
[14:37:09] 2026-08-24 14:37:09,151 [INFO] Đang đẩy RTSP FPS: 30.01
[14:37:14] 2026-08-24 14:37:14,155 [INFO] Đang đẩy RTSP FPS: 29.99
[14:37:19] 2026-08-24 14:37:19,185 [INFO] Đang đẩy RTSP FPS: 30.02
[14:37:24] 2026-08-24 14:37:24,218 [INFO] Đang đẩy RTSP FPS: 30.02
[14:37:29] 2026-08-24 14:37:29,251 [INFO] Đang đẩy RTSP FPS: 30.00
[14:37:34] 2026-08-24 14:37:34,253 [INFO] Đang đẩy RTSP FPS: 29.99
[14:37:39] 2026-08-24 14:37:39,258 [INFO] Đang đẩy RTSP FPS: 29.99
[14:37:44] 2026-08-24 14:37:44,286 [INFO] Đang đẩy RTSP FPS: 30.05
[14:37:49] 2026-08-24 14:37:49,327 [INFO] Đang đẩy RTSP FPS: 29.98
[14:37:54] 2026-08-24 14:37:54,350 [INFO] Đang đẩy RTSP FPS: 30.06
[14:37:59] 2026-08-24 14:37:59,353 [INFO] Đang đẩy RTSP FPS: 29.99
[14:38:04] 2026-08-24 14:38:04,356 [INFO] Đang đẩy RTSP FPS: 29.98
[14:38:09] 2026-08-24 14:38:09,373 [INFO] Đang đẩy RTSP FPS: 29.91
[14:38:14] 2026-08-24 14:38:14,391 [INFO] Đang đẩy RTSP FPS: 30.13
[14:38:19] 2026-08-24 14:38:19,422 [INFO] Đang đẩy RTSP FPS: 30.02
[14:38:24] 2026-08-24 14:38:24,426 [INFO] Đang đẩy RTSP FPS: 29.98
[14:38:29] 2026-08-24 14:38:29,441 [INFO] Đang đẩy RTSP FPS: 29.54
[14:38:34] 2026-08-24 14:38:34,467 [INFO] Đang đẩy RTSP FPS: 30.10
[14:38:36] ### Dang gui tin hieu dung...
[14:38:39] 2026-08-24 14:38:39,485 [INFO] Đang đẩy RTSP FPS: 30.09
[14:38:42] ### Khong tu thoat - buoc dung ca cay process (taskkill /T /F)
[14:38:42] ### DA DUNG (exit code 1)
[14:39:07] ==============================================================================
[14:39:07] ### PHIEN MOI luc 2026-08-24 14:39:07
[14:39:07] ### KHOI DONG: D:\Camera\Dev\deploy\Service_Manager\modules\stream_camera\Stream_camera_Sony_20260508\Stream_camera_Sony_20260508.exe
[14:39:07] ### Thu muc lam viec: D:\Camera\Dev\deploy\Service_Manager\modules\stream_camera\Stream_camera_Sony_20260508
[14:39:07] ### PID = 17908
[14:39:09] 2026-08-24 14:39:09,562 [INFO] Snapshot endpoint ready: http://0.0.0.0:8001/snapshot (mặc định PNG, còn có /snapshot.png và /snapshot.jpg)
[14:39:09] 2026-08-24 14:39:09,562 [INFO] Đang mở camera Sony...
[14:39:10] 2026-08-24 14:39:10,715 [INFO] Camera đã mở: 1920x1080 @ 30.00003000003 FPS
[14:39:10] 2026-08-24 14:39:10,718 [INFO] Đang khởi động FFmpeg đẩy luồng tới: rtsp://localhost:8554/mystream
[14:39:10] 2026-08-24 14:39:10,718 [INFO] GOP = 30 frame (1.0s/keyframe)
[14:39:10] 2026-08-24 14:39:10,722 [INFO] Bắt đầu đẩy luồng RTSP (Bấm Ctrl+C để dừng)...
[14:39:15] 2026-08-24 14:39:15,742 [INFO] Đang đẩy RTSP FPS: 29.68
[14:39:20] 2026-08-24 14:39:20,752 [INFO] Đang đẩy RTSP FPS: 29.95
[14:39:25] 2026-08-24 14:39:25,787 [INFO] Đang đẩy RTSP FPS: 30.02
[14:39:30] 2026-08-24 14:39:30,804 [INFO] Đang đẩy RTSP FPS: 30.10
[14:39:35] 2026-08-24 14:39:35,829 [INFO] Đang đẩy RTSP FPS: 29.85
[14:39:40] 2026-08-24 14:39:40,841 [INFO] Đang đẩy RTSP FPS: 30.15
[14:39:45] 2026-08-24 14:39:45,847 [INFO] Đang đẩy RTSP FPS: 29.98
[14:39:50] 2026-08-24 14:39:50,858 [INFO] Đang đẩy RTSP FPS: 29.97
[14:39:55] 2026-08-24 14:39:55,870 [INFO] Đang đẩy RTSP FPS: 29.93
[14:40:00] 2026-08-24 14:40:00,903 [INFO] Đang đẩy RTSP FPS: 30.27
[14:40:05] 2026-08-24 14:40:05,920 [INFO] Đang đẩy RTSP FPS: 29.90
[14:40:10] 2026-08-24 14:40:10,939 [INFO] Đang đẩy RTSP FPS: 30.08
[14:40:15] 2026-08-24 14:40:15,957 [INFO] Đang đẩy RTSP FPS: 29.92
[14:40:20] 2026-08-24 14:40:20,978 [INFO] Đang đẩy RTSP FPS: 30.07
[14:40:25] 2026-08-24 14:40:25,979 [INFO] Đang đẩy RTSP FPS: 30.00
[14:40:31] 2026-08-24 14:40:31,005 [INFO] Đang đẩy RTSP FPS: 30.07
[14:40:36] 2026-08-24 14:40:36,037 [INFO] Đang đẩy RTSP FPS: 30.01
[14:40:41] 2026-08-24 14:40:41,069 [INFO] Đang đẩy RTSP FPS: 30.01
[14:40:46] 2026-08-24 14:40:46,105 [INFO] Đang đẩy RTSP FPS: 30.01
[14:40:51] 2026-08-24 14:40:51,134 [INFO] Đang đẩy RTSP FPS: 30.04
[14:40:56] 2026-08-24 14:40:56,169 [INFO] Đang đẩy RTSP FPS: 30.00
[14:41:01] 2026-08-24 14:41:01,201 [INFO] Đang đẩy RTSP FPS: 30.02
[14:41:06] 2026-08-24 14:41:06,206 [INFO] Đang đẩy RTSP FPS: 29.98
[14:41:11] 2026-08-24 14:41:11,233 [INFO] Đang đẩy RTSP FPS: 30.06
[14:41:16] 2026-08-24 14:41:16,238 [INFO] Đang đẩy RTSP FPS: 29.99
[14:41:21] 2026-08-24 14:41:21,267 [INFO] Đang đẩy RTSP FPS: 30.05
[14:41:26] 2026-08-24 14:41:26,301 [INFO] Đang đẩy RTSP FPS: 30.02
[14:41:31] 2026-08-24 14:41:31,319 [INFO] Đang đẩy RTSP FPS: 29.91
[14:41:36] 2026-08-24 14:41:36,341 [INFO] Đang đẩy RTSP FPS: 29.90
[14:41:41] 2026-08-24 14:41:41,361 [INFO] Đang đẩy RTSP FPS: 30.13
[14:41:46] 2026-08-24 14:41:46,411 [INFO] Đang đẩy RTSP FPS: 29.55
[14:41:51] 2026-08-24 14:41:51,428 [INFO] Đang đẩy RTSP FPS: 29.95
[14:41:56] 2026-08-24 14:41:56,464 [INFO] Đang đẩy RTSP FPS: 30.02
[14:42:01] 2026-08-24 14:42:01,481 [INFO] Đang đẩy RTSP FPS: 30.13
[14:42:06] 2026-08-24 14:42:06,487 [INFO] Đang đẩy RTSP FPS: 28.40
[14:42:11] 2026-08-24 14:42:11,505 [INFO] Đang đẩy RTSP FPS: 29.14
[14:42:16] 2026-08-24 14:42:16,527 [INFO] Đang đẩy RTSP FPS: 30.12
[14:42:21] 2026-08-24 14:42:21,554 [INFO] Đang đẩy RTSP FPS: 29.87
[14:42:26] 2026-08-24 14:42:26,599 [INFO] Đang đẩy RTSP FPS: 29.76
[14:42:31] 2026-08-24 14:42:31,613 [INFO] Đang đẩy RTSP FPS: 29.92
[14:42:36] 2026-08-24 14:42:36,620 [INFO] Đang đẩy RTSP FPS: 30.00
[14:42:41] 2026-08-24 14:42:41,662 [INFO] Đang đẩy RTSP FPS: 29.98
[14:42:46] 2026-08-24 14:42:46,681 [INFO] Đang đẩy RTSP FPS: 30.15
[14:42:51] 2026-08-24 14:42:51,709 [INFO] Đang đẩy RTSP FPS: 29.88
[14:42:56] 2026-08-24 14:42:56,741 [INFO] Đang đẩy RTSP FPS: 29.85
[14:43:01] 2026-08-24 14:43:01,772 [INFO] Đang đẩy RTSP FPS: 30.06
[14:43:06] 2026-08-24 14:43:06,781 [INFO] Đang đẩy RTSP FPS: 29.98
[14:43:11] 2026-08-24 14:43:11,823 [INFO] Đang đẩy RTSP FPS: 29.99
[14:43:16] 2026-08-24 14:43:16,825 [INFO] Đang đẩy RTSP FPS: 29.99
[14:43:21] 2026-08-24 14:43:21,851 [INFO] Đang đẩy RTSP FPS: 30.07
[14:43:26] 2026-08-24 14:43:26,878 [INFO] Đang đẩy RTSP FPS: 29.88
[14:43:31] 2026-08-24 14:43:31,895 [INFO] Đang đẩy RTSP FPS: 29.70
[14:43:36] 2026-08-24 14:43:36,929 [INFO] Đang đẩy RTSP FPS: 30.04
[14:43:41] 2026-08-24 14:43:41,949 [INFO] Đang đẩy RTSP FPS: 30.11
[14:43:46] 2026-08-24 14:43:46,977 [INFO] Đang đẩy RTSP FPS: 30.08
[14:43:51] 2026-08-24 14:43:51,981 [INFO] Đang đẩy RTSP FPS: 30.00
[14:43:57] 2026-08-24 14:43:57,009 [INFO] Đang đẩy RTSP FPS: 30.06
[14:44:02] 2026-08-24 14:44:02,042 [INFO] Đang đẩy RTSP FPS: 30.03
[14:44:07] 2026-08-24 14:44:07,054 [INFO] Đang đẩy RTSP FPS: 29.96
[14:44:12] 2026-08-24 14:44:12,087 [INFO] Đang đẩy RTSP FPS: 29.63
[14:44:17] 2026-08-24 14:44:17,131 [INFO] Đang đẩy RTSP FPS: 29.76
[14:44:22] 2026-08-24 14:44:22,149 [INFO] Đang đẩy RTSP FPS: 30.11
[14:44:27] 2026-08-24 14:44:27,195 [INFO] Đang đẩy RTSP FPS: 29.73
[14:44:32] 2026-08-24 14:44:32,218 [INFO] Đang đẩy RTSP FPS: 30.07
[14:44:37] 2026-08-24 14:44:37,231 [INFO] Đang đẩy RTSP FPS: 29.56
[14:44:42] 2026-08-24 14:44:42,260 [INFO] Đang đẩy RTSP FPS: 29.88
[14:44:47] 2026-08-24 14:44:47,269 [INFO] Đang đẩy RTSP FPS: 29.99
[14:44:52] 2026-08-24 14:44:52,287 [INFO] Đang đẩy RTSP FPS: 30.14
[14:44:57] 2026-08-24 14:44:57,301 [INFO] Đang đẩy RTSP FPS: 29.91
[14:45:02] 2026-08-24 14:45:02,314 [INFO] Đang đẩy RTSP FPS: 30.16
[14:45:07] 2026-08-24 14:45:07,328 [INFO] Đang đẩy RTSP FPS: 29.94
[14:45:12] 2026-08-24 14:45:12,349 [INFO] Đang đẩy RTSP FPS: 29.93
[14:45:17] 2026-08-24 14:45:17,377 [INFO] Đang đẩy RTSP FPS: 29.85
[14:45:22] 2026-08-24 14:45:22,410 [INFO] Đang đẩy RTSP FPS: 26.09
[14:45:27] 2026-08-24 14:45:27,423 [INFO] Đang đẩy RTSP FPS: 29.78
[14:45:32] 2026-08-24 14:45:32,444 [INFO] Đang đẩy RTSP FPS: 30.10
[14:45:37] 2026-08-24 14:45:37,451 [INFO] Đang đẩy RTSP FPS: 29.99
[14:45:42] 2026-08-24 14:45:42,487 [INFO] Đang đẩy RTSP FPS: 30.02
[14:45:47] 2026-08-24 14:45:47,508 [INFO] Đang đẩy RTSP FPS: 30.10
[14:45:52] 2026-08-24 14:45:52,523 [INFO] Đang đẩy RTSP FPS: 29.91
[14:45:57] 2026-08-24 14:45:57,531 [INFO] Đang đẩy RTSP FPS: 29.15
[14:46:02] 2026-08-24 14:46:02,557 [INFO] Đang đẩy RTSP FPS: 30.05
[14:46:07] 2026-08-24 14:46:07,583 [INFO] Đang đẩy RTSP FPS: 30.04
[14:46:12] 2026-08-24 14:46:12,622 [INFO] Đang đẩy RTSP FPS: 30.00
[14:46:17] 2026-08-24 14:46:17,639 [INFO] Đang đẩy RTSP FPS: 29.94
[14:46:22] 2026-08-24 14:46:22,651 [INFO] Đang đẩy RTSP FPS: 29.96
[14:46:27] 2026-08-24 14:46:27,679 [INFO] Đang đẩy RTSP FPS: 30.03
[14:46:32] 2026-08-24 14:46:32,685 [INFO] Đang đẩy RTSP FPS: 29.96
[14:46:37] 2026-08-24 14:46:37,719 [INFO] Đang đẩy RTSP FPS: 30.00
[14:46:42] 2026-08-24 14:46:42,752 [INFO] Đang đẩy RTSP FPS: 30.03
[14:46:44] ### Dang gui tin hieu dung...
[14:46:47] 2026-08-24 14:46:47,765 [INFO] Đang đẩy RTSP FPS: 30.16
[14:46:50] ### Khong tu thoat - buoc dung ca cay process (taskkill /T /F)
[14:46:51] ### DA DUNG (exit code 1)
[14:55:21] ==============================================================================
[14:55:21] ### PHIEN MOI luc 2026-08-24 14:55:21
[14:55:21] ### run_mode = exe (target: D:\Camera\Dev\deploy\Service_Manager\modules\stream_camera\Stream_camera_Sony_20260508\Stream_camera_Sony_20260508.exe)
[14:55:21] ### KHOI DONG: D:\Camera\Dev\deploy\Service_Manager\modules\stream_camera\Stream_camera_Sony_20260508\Stream_camera_Sony_20260508.exe
[14:55:21] ### Thu muc lam viec: D:\Camera\Dev\deploy\Service_Manager\modules\stream_camera\Stream_camera_Sony_20260508
[14:55:21] ### PID = 49924
[14:55:23] 2026-08-24 14:55:23,640 [INFO] Snapshot endpoint ready: http://0.0.0.0:8001/snapshot (mặc định PNG, còn có /snapshot.png và /snapshot.jpg)
[14:55:23] 2026-08-24 14:55:23,642 [INFO] Đang mở camera Sony...
[14:55:24] 2026-08-24 14:55:24,950 [INFO] Camera đã mở: 1920x1080 @ 30.00003000003 FPS
[14:55:24] 2026-08-24 14:55:24,953 [INFO] Đang khởi động FFmpeg đẩy luồng tới: rtsp://localhost:8554/mystream
[14:55:24] 2026-08-24 14:55:24,953 [INFO] GOP = 30 frame (1.0s/keyframe)
[14:55:24] 2026-08-24 14:55:24,969 [INFO] Bắt đầu đẩy luồng RTSP (Bấm Ctrl+C để dừng)...
[14:55:29] 2026-08-24 14:55:29,972 [INFO] Đang đẩy RTSP FPS: 29.58
[14:55:35] 2026-08-24 14:55:35,001 [INFO] Đang đẩy RTSP FPS: 29.83
[14:55:40] 2026-08-24 14:55:40,038 [INFO] Đang đẩy RTSP FPS: 29.97
[14:55:45] 2026-08-24 14:55:45,062 [INFO] Đang đẩy RTSP FPS: 30.09
[14:55:50] 2026-08-24 14:55:50,064 [INFO] Đang đẩy RTSP FPS: 29.98
[14:55:55] 2026-08-24 14:55:55,092 [INFO] Đang đẩy RTSP FPS: 30.07
[14:56:00] 2026-08-24 14:56:00,092 [INFO] Đang đẩy RTSP FPS: 30.00
[14:56:05] 2026-08-24 14:56:05,127 [INFO] Đang đẩy RTSP FPS: 29.99
[14:56:10] 2026-08-24 14:56:10,145 [INFO] Đang đẩy RTSP FPS: 30.12
[14:56:15] 2026-08-24 14:56:15,181 [INFO] Đang đẩy RTSP FPS: 30.01
[14:56:20] 2026-08-24 14:56:20,185 [INFO] Đang đẩy RTSP FPS: 29.98
[14:56:25] 2026-08-24 14:56:25,218 [INFO] Đang đẩy RTSP FPS: 30.00
[14:56:30] 2026-08-24 14:56:30,226 [INFO] Đang đẩy RTSP FPS: 29.95
[14:56:35] 2026-08-24 14:56:35,264 [INFO] Đang đẩy RTSP FPS: 29.98
[14:56:40] 2026-08-24 14:56:40,289 [INFO] Đang đẩy RTSP FPS: 30.05
[14:56:45] 2026-08-24 14:56:45,298 [INFO] Đang đẩy RTSP FPS: 29.95
[14:56:50] 2026-08-24 14:56:50,308 [INFO] Đang đẩy RTSP FPS: 30.15
[14:56:55] 2026-08-24 14:56:55,310 [INFO] Đang đẩy RTSP FPS: 29.99
[14:57:00] 2026-08-24 14:57:00,340 [INFO] Đang đẩy RTSP FPS: 30.03
[14:57:05] 2026-08-24 14:57:05,343 [INFO] Đang đẩy RTSP FPS: 29.99
[14:57:10] 2026-08-24 14:57:10,374 [INFO] Đang đẩy RTSP FPS: 30.01
[14:57:15] 2026-08-24 14:57:15,406 [INFO] Đang đẩy RTSP FPS: 30.01
[14:57:20] 2026-08-24 14:57:20,441 [INFO] Đang đẩy RTSP FPS: 30.00
[14:57:21] ### Dang gui tin hieu dung...
[14:57:25] 2026-08-24 14:57:25,472 [INFO] Đang đẩy RTSP FPS: 30.02
[14:57:27] ### Khong tu thoat - buoc dung ca cay process (taskkill /T /F)
[14:57:27] ### DA DUNG (exit code 1)
