[11:09:56] ==============================================================================
[11:09:56] ### PHIEN MOI luc 2026-09-05 11:09:56
[11:09:56] ### run_mode = script (target: D:\Camera\Dev\Service_Manager\modules\gui\Do_khoang_cach_kem_camera_v7.py)
[11:09:56] ### KHOI DONG: D:\Camera\Dev\Camera_venv\Scripts\python.exe -u D:\Camera\Dev\Service_Manager\modules\gui\Do_khoang_cach_kem_camera_v7.py
[11:09:56] ### Thu muc lam viec: D:\Camera\Dev\Service_Manager\modules\gui
[11:09:56] ### PID = 21840
[11:23:15] [ WARN:2@797.019] global cap_msmf.cpp:477 `anonymous-namespace'::SourceReaderCB::OnReadSample videoio(MSMF): OnReadSample() is called with error status: -1072873822
[11:23:15] [ WARN:2@797.027] global cap_msmf.cpp:488 `anonymous-namespace'::SourceReaderCB::OnReadSample videoio(MSMF): async ReadSample() call is failed with error status: -1072873822
[11:23:15] [ WARN:0@797.028] global cap_msmf.cpp:1815 CvCapture_MSMF::grabFrame videoio(MSMF): can't grab frame. Error: -1072873822
[11:23:16] [ WARN:0@797.130] global cap_msmf.cpp:1815 CvCapture_MSMF::grabFrame videoio(MSMF): can't grab frame. Error: -1072873822
[11:23:16] [ WARN:0@797.240] global cap_msmf.cpp:1815 CvCapture_MSMF::grabFrame videoio(MSMF): can't grab frame. Error: -1072873822
[11:23:16] [ WARN:0@797.351] global cap_msmf.cpp:1815 CvCapture_MSMF::grabFrame videoio(MSMF): can't grab frame. Error: -1072873822
[11:23:16] [ WARN:0@797.463] global cap_msmf.cpp:1815 CvCapture_MSMF::grabFrame videoio(MSMF): can't grab frame. Error: -1072873822
[11:23:16] [ WARN:0@797.574] global cap_msmf.cpp:1815 CvCapture_MSMF::grabFrame videoio(MSMF): can't grab frame. Error: -1072873822
[11:23:16] [ WARN:0@797.684] global cap_msmf.cpp:1815 CvCapture_MSMF::grabFrame videoio(MSMF): can't grab frame. Error: -1072873822
[11:23:16] [ WARN:0@797.796] global cap_msmf.cpp:1815 CvCapture_MSMF::grabFrame videoio(MSMF): can't grab frame. Error: -1072873822
[11:23:16] [ WARN:0@797.907] global cap_msmf.cpp:1815 CvCapture_MSMF::grabFrame videoio(MSMF): can't grab frame. Error: -1072873822
[11:23:16] [ WARN:0@798.018] global cap_msmf.cpp:1815 CvCapture_MSMF::grabFrame videoio(MSMF): can't grab frame. Error: -1072873822
[11:23:17] [ WARN:0@798.129] global cap_msmf.cpp:1815 CvCapture_MSMF::grabFrame videoio(MSMF): can't grab frame. Error: -1072873822
[11:23:17] [ WARN:0@798.239] global cap_msmf.cpp:1815 CvCapture_MSMF::grabFrame videoio(MSMF): can't grab frame. Error: -1072873822
[11:23:17] [ WARN:0@798.352] global cap_msmf.cpp:1815 CvCapture_MSMF::grabFrame videoio(MSMF): can't grab frame. Error: -1072873822
[11:23:17] [ WARN:0@798.463] global cap_msmf.cpp:1815 CvCapture_MSMF::grabFrame videoio(MSMF): can't grab frame. Error: -1072873822
[11:23:17] [ WARN:0@798.574] global cap_msmf.cpp:1815 CvCapture_MSMF::grabFrame videoio(MSMF): can't grab frame. Error: -1072873822
[11:23:17] [ WARN:0@798.686] global cap_msmf.cpp:1815 CvCapture_MSMF::grabFrame videoio(MSMF): can't grab frame. Error: -1072873822
[11:23:17] [ WARN:0@798.797] global cap_msmf.cpp:1815 CvCapture_MSMF::grabFrame videoio(MSMF): can't grab frame. Error: -1072873822
[11:23:17] [ WARN:0@798.908] global cap_msmf.cpp:1815 CvCapture_MSMF::grabFrame videoio(MSMF): can't grab frame. Error: -1072873822
[11:23:17] [ WARN:0@799.020] global cap_msmf.cpp:1815 CvCapture_MSMF::grabFrame videoio(MSMF): can't grab frame. Error: -1072873822
[11:23:18] [ WARN:0@799.130] global cap_msmf.cpp:1815 CvCapture_MSMF::grabFrame videoio(MSMF): can't grab frame. Error: -1072873822
[11:23:18] [ WARN:0@799.241] global cap_msmf.cpp:1815 CvCapture_MSMF::grabFrame videoio(MSMF): can't grab frame. Error: -1072873822
[11:23:18] [ WARN:0@799.352] global cap_msmf.cpp:1815 CvCapture_MSMF::grabFrame videoio(MSMF): can't grab frame. Error: -1072873822
[11:23:18] [ WARN:0@799.462] global cap_msmf.cpp:1815 CvCapture_MSMF::grabFrame videoio(MSMF): can't grab frame. Error: -1072873822
[11:23:18] [ WARN:0@799.574] global cap_msmf.cpp:1815 CvCapture_MSMF::grabFrame videoio(MSMF): can't grab frame. Error: -1072873822
[11:23:18] [ WARN:0@799.684] global cap_msmf.cpp:1815 CvCapture_MSMF::grabFrame videoio(MSMF): can't grab frame. Error: -1072873822
[11:23:18] [ WARN:0@799.794] global cap_msmf.cpp:1815 CvCapture_MSMF::grabFrame videoio(MSMF): can't grab frame. Error: -1072873822
[11:23:18] [ WARN:0@799.903] global cap_msmf.cpp:1815 CvCapture_MSMF::grabFrame videoio(MSMF): can't grab frame. Error: -1072873822
[11:23:18] [ WARN:0@800.013] global cap_msmf.cpp:1815 CvCapture_MSMF::grabFrame videoio(MSMF): can't grab frame. Error: -1072873822
[11:23:18] [ WARN:0@800.124] global cap_msmf.cpp:1815 CvCapture_MSMF::grabFrame videoio(MSMF): can't grab frame. Error: -1072873822
[11:23:19] [ WARN:0@800.235] global cap_msmf.cpp:1815 CvCapture_MSMF::grabFrame videoio(MSMF): can't grab frame. Error: -1072873822
[11:23:19] [ WARN:0@800.346] global cap_msmf.cpp:1815 CvCapture_MSMF::grabFrame videoio(MSMF): can't grab frame. Error: -1072873822
[11:23:19] [ WARN:0@800.457] global cap_msmf.cpp:1815 CvCapture_MSMF::grabFrame videoio(MSMF): can't grab frame. Error: -1072873822
[11:23:19] [ WARN:0@800.568] global cap_msmf.cpp:1815 CvCapture_MSMF::grabFrame videoio(MSMF): can't grab frame. Error: -1072873822
[11:23:19] [ WARN:0@800.679] global cap_msmf.cpp:1815 CvCapture_MSMF::grabFrame videoio(MSMF): can't grab frame. Error: -1072873822
[11:23:19] [ WARN:0@800.789] global cap_msmf.cpp:1815 CvCapture_MSMF::grabFrame videoio(MSMF): can't grab frame. Error: -1072873822
[11:23:19] [ WARN:0@800.899] global cap_msmf.cpp:1815 CvCapture_MSMF::grabFrame videoio(MSMF): can't grab frame. Error: -1072873822
[11:23:19] [ WARN:0@801.011] global cap_msmf.cpp:1815 CvCapture_MSMF::grabFrame videoio(MSMF): can't grab frame. Error: -1072873822
[11:23:19] [ WARN:0@801.122] global cap_msmf.cpp:1815 CvCapture_MSMF::grabFrame videoio(MSMF): can't grab frame. Error: -1072873822
[11:23:20] [ WARN:0@801.233] global cap_msmf.cpp:1815 CvCapture_MSMF::grabFrame videoio(MSMF): can't grab frame. Error: -1072873822
[11:23:20] [ WARN:0@801.345] global cap_msmf.cpp:1815 CvCapture_MSMF::grabFrame videoio(MSMF): can't grab frame. Error: -1072873822
[11:23:20] [ WARN:0@801.457] global cap_msmf.cpp:1815 CvCapture_MSMF::grabFrame videoio(MSMF): can't grab frame. Error: -1072873822
[11:23:20] [ WARN:0@801.568] global cap_msmf.cpp:1815 CvCapture_MSMF::grabFrame videoio(MSMF): can't grab frame. Error: -1072873822
[11:23:20] [ WARN:0@801.679] global cap_msmf.cpp:1815 CvCapture_MSMF::grabFrame videoio(MSMF): can't grab frame. Error: -1072873822
[11:23:20] [ WARN:0@801.790] global cap_msmf.cpp:1815 CvCapture_MSMF::grabFrame videoio(MSMF): can't grab frame. Error: -1072873822
[11:23:20] [ WARN:0@801.902] global cap_msmf.cpp:1815 CvCapture_MSMF::grabFrame videoio(MSMF): can't grab frame. Error: -1072873822
[11:23:20] [ WARN:0@802.014] global cap_msmf.cpp:1815 CvCapture_MSMF::grabFrame videoio(MSMF): can't grab frame. Error: -1072873822
[11:23:20] [ WARN:0@802.125] global cap_msmf.cpp:1815 CvCapture_MSMF::grabFrame videoio(MSMF): can't grab frame. Error: -1072873822
[11:23:21] [ WARN:0@802.237] global cap_msmf.cpp:1815 CvCapture_MSMF::grabFrame videoio(MSMF): can't grab frame. Error: -1072873822
[11:23:21] [ WARN:0@802.348] global cap_msmf.cpp:1815 CvCapture_MSMF::grabFrame videoio(MSMF): can't grab frame. Error: -1072873822
[11:23:21] [ WARN:0@802.459] global cap_msmf.cpp:1815 CvCapture_MSMF::grabFrame videoio(MSMF): can't grab frame. Error: -1072873822
[11:23:21] [ WARN:0@802.570] global cap_msmf.cpp:1815 CvCapture_MSMF::grabFrame videoio(MSMF): can't grab frame. Error: -1072873822
[11:23:21] [ WARN:0@802.682] global cap_msmf.cpp:1815 CvCapture_MSMF::grabFrame videoio(MSMF): can't grab frame. Error: -1072873822
[11:23:21] [ WARN:0@802.793] global cap_msmf.cpp:1815 CvCapture_MSMF::grabFrame videoio(MSMF): can't grab frame. Error: -1072873822
[11:23:21] [ WARN:0@802.904] global cap_msmf.cpp:1815 CvCapture_MSMF::grabFrame videoio(MSMF): can't grab frame. Error: -1072873822
[11:23:21] [ WARN:0@803.016] global cap_msmf.cpp:1815 CvCapture_MSMF::grabFrame videoio(MSMF): can't grab frame. Error: -1072873822
[11:23:22] [ WARN:0@803.129] global cap_msmf.cpp:1815 CvCapture_MSMF::grabFrame videoio(MSMF): can't grab frame. Error: -1072873822
[11:23:22] [ WARN:0@803.241] global cap_msmf.cpp:1815 CvCapture_MSMF::grabFrame videoio(MSMF): can't grab frame. Error: -1072873822
[11:23:22] [ WARN:0@803.354] global cap_msmf.cpp:1815 CvCapture_MSMF::grabFrame videoio(MSMF): can't grab frame. Error: -1072873822
[11:23:22] [ WARN:0@803.467] global cap_msmf.cpp:1815 CvCapture_MSMF::grabFrame videoio(MSMF): can't grab frame. Error: -1072873822
[11:23:22] [ WARN:0@803.580] global cap_msmf.cpp:1815 CvCapture_MSMF::grabFrame videoio(MSMF): can't grab frame. Error: -1072873822
[11:23:22] [ WARN:0@803.691] global cap_msmf.cpp:1815 CvCapture_MSMF::grabFrame videoio(MSMF): can't grab frame. Error: -1072873822
[11:23:22] [ WARN:0@803.803] global cap_msmf.cpp:1815 CvCapture_MSMF::grabFrame videoio(MSMF): can't grab frame. Error: -1072873822
[11:23:22] [ WARN:0@803.914] global cap_msmf.cpp:1815 CvCapture_MSMF::grabFrame videoio(MSMF): can't grab frame. Error: -1072873822
[11:23:22] [ WARN:0@804.026] global cap_msmf.cpp:1815 CvCapture_MSMF::grabFrame videoio(MSMF): can't grab frame. Error: -1072873822
[11:23:23] [ WARN:0@804.137] global cap_msmf.cpp:1815 CvCapture_MSMF::grabFrame videoio(MSMF): can't grab frame. Error: -1072873822
[11:23:23] [ WARN:0@804.248] global cap_msmf.cpp:1815 CvCapture_MSMF::grabFrame videoio(MSMF): can't grab frame. Error: -1072873822
[11:23:23] [ WARN:0@804.359] global cap_msmf.cpp:1815 CvCapture_MSMF::grabFrame videoio(MSMF): can't grab frame. Error: -1072873822
[11:23:23] [ WARN:0@804.471] global cap_msmf.cpp:1815 CvCapture_MSMF::grabFrame videoio(MSMF): can't grab frame. Error: -1072873822
[11:23:23] [ WARN:0@804.585] global cap_msmf.cpp:1815 CvCapture_MSMF::grabFrame videoio(MSMF): can't grab frame. Error: -1072873822
[11:23:23] [ WARN:0@804.697] global cap_msmf.cpp:1815 CvCapture_MSMF::grabFrame videoio(MSMF): can't grab frame. Error: -1072873822
[11:23:23] [ WARN:0@804.810] global cap_msmf.cpp:1815 CvCapture_MSMF::grabFrame videoio(MSMF): can't grab frame. Error: -1072873822
[11:23:23] [ WARN:0@804.922] global cap_msmf.cpp:1815 CvCapture_MSMF::grabFrame videoio(MSMF): can't grab frame. Error: -1072873822
[11:23:23] [ WARN:0@805.035] global cap_msmf.cpp:1815 CvCapture_MSMF::grabFrame videoio(MSMF): can't grab frame. Error: -1072873822
[11:23:24] [ WARN:0@805.148] global cap_msmf.cpp:1815 CvCapture_MSMF::grabFrame videoio(MSMF): can't grab frame. Error: -1072873822
[11:23:24] [ WARN:0@805.261] global cap_msmf.cpp:1815 CvCapture_MSMF::grabFrame videoio(MSMF): can't grab frame. Error: -1072873822
[11:23:24] [ WARN:0@805.373] global cap_msmf.cpp:1815 CvCapture_MSMF::grabFrame videoio(MSMF): can't grab frame. Error: -1072873822
[11:23:24] [ WARN:0@805.486] global cap_msmf.cpp:1815 CvCapture_MSMF::grabFrame videoio(MSMF): can't grab frame. Error: -1072873822
[11:23:24] [ WARN:0@805.598] global cap_msmf.cpp:1815 CvCapture_MSMF::grabFrame videoio(MSMF): can't grab frame. Error: -1072873822
[11:23:24] [ WARN:0@805.711] global cap_msmf.cpp:1815 CvCapture_MSMF::grabFrame videoio(MSMF): can't grab frame. Error: -1072873822
[11:23:24] [ WARN:0@805.823] global cap_msmf.cpp:1815 CvCapture_MSMF::grabFrame videoio(MSMF): can't grab frame. Error: -1072873822
[11:23:24] [ WARN:0@805.936] global cap_msmf.cpp:1815 CvCapture_MSMF::grabFrame videoio(MSMF): can't grab frame. Error: -1072873822
[11:23:24] [ WARN:0@806.049] global cap_msmf.cpp:1815 CvCapture_MSMF::grabFrame videoio(MSMF): can't grab frame. Error: -1072873822
[11:23:25] [ WARN:0@806.161] global cap_msmf.cpp:1815 CvCapture_MSMF::grabFrame videoio(MSMF): can't grab frame. Error: -1072873822
[11:23:25] [ WARN:0@806.274] global cap_msmf.cpp:1815 CvCapture_MSMF::grabFrame videoio(MSMF): can't grab frame. Error: -1072873822
[11:23:25] [ WARN:0@806.386] global cap_msmf.cpp:1815 CvCapture_MSMF::grabFrame videoio(MSMF): can't grab frame. Error: -1072873822
[11:23:25] [ WARN:0@806.500] global cap_msmf.cpp:1815 CvCapture_MSMF::grabFrame videoio(MSMF): can't grab frame. Error: -1072873822
[11:23:25] [ WARN:0@806.611] global cap_msmf.cpp:1815 CvCapture_MSMF::grabFrame videoio(MSMF): can't grab frame. Error: -1072873822
[11:23:25] [ WARN:0@806.722] global cap_msmf.cpp:1815 CvCapture_MSMF::grabFrame videoio(MSMF): can't grab frame. Error: -1072873822
[11:23:25] [ WARN:0@806.833] global cap_msmf.cpp:1815 CvCapture_MSMF::grabFrame videoio(MSMF): can't grab frame. Error: -1072873822
[11:23:25] [ WARN:0@806.945] global cap_msmf.cpp:1815 CvCapture_MSMF::grabFrame videoio(MSMF): can't grab frame. Error: -1072873822
[11:23:25] [ WARN:0@807.058] global cap_msmf.cpp:1815 CvCapture_MSMF::grabFrame videoio(MSMF): can't grab frame. Error: -1072873822
[11:23:26] [ WARN:0@807.170] global cap_msmf.cpp:1815 CvCapture_MSMF::grabFrame videoio(MSMF): can't grab frame. Error: -1072873822
[11:23:26] [ WARN:0@807.283] global cap_msmf.cpp:1815 CvCapture_MSMF::grabFrame videoio(MSMF): can't grab frame. Error: -1072873822
[11:23:26] [ WARN:0@807.396] global cap_msmf.cpp:1815 CvCapture_MSMF::grabFrame videoio(MSMF): can't grab frame. Error: -1072873822
[11:23:26] [ WARN:0@807.507] global cap_msmf.cpp:1815 CvCapture_MSMF::grabFrame videoio(MSMF): can't grab frame. Error: -1072873822
[11:23:26] [ WARN:0@807.618] global cap_msmf.cpp:1815 CvCapture_MSMF::grabFrame videoio(MSMF): can't grab frame. Error: -1072873822
[11:23:26] [ WARN:0@807.729] global cap_msmf.cpp:1815 CvCapture_MSMF::grabFrame videoio(MSMF): can't grab frame. Error: -1072873822
[11:23:26] [ WARN:0@807.840] global cap_msmf.cpp:1815 CvCapture_MSMF::grabFrame videoio(MSMF): can't grab frame. Error: -1072873822
[11:23:26] [ WARN:0@807.949] global cap_msmf.cpp:1815 CvCapture_MSMF::grabFrame videoio(MSMF): can't grab frame. Error: -1072873822
[11:23:26] [ WARN:0@808.061] global cap_msmf.cpp:1815 CvCapture_MSMF::grabFrame videoio(MSMF): can't grab frame. Error: -1072873822
[11:23:27] [ WARN:0@808.172] global cap_msmf.cpp:1815 CvCapture_MSMF::grabFrame videoio(MSMF): can't grab frame. Error: -1072873822
[11:23:27] [ WARN:0@808.283] global cap_msmf.cpp:1815 CvCapture_MSMF::grabFrame videoio(MSMF): can't grab frame. Error: -1072873822
[11:23:27] [ WARN:0@808.393] global cap_msmf.cpp:1815 CvCapture_MSMF::grabFrame videoio(MSMF): can't grab frame. Error: -1072873822
[11:23:27] [ WARN:0@808.504] global cap_msmf.cpp:1815 CvCapture_MSMF::grabFrame videoio(MSMF): can't grab frame. Error: -1072873822
[11:23:27] [ WARN:0@808.633] global cap_msmf.cpp:1815 CvCapture_MSMF::grabFrame videoio(MSMF): can't grab frame. Error: -1072873822
[11:23:27] [ WARN:0@808.743] global cap_msmf.cpp:1815 CvCapture_MSMF::grabFrame videoio(MSMF): can't grab frame. Error: -1072873822
[11:23:27] [ WARN:0@808.851] global cap_msmf.cpp:1815 CvCapture_MSMF::grabFrame videoio(MSMF): can't grab frame. Error: -1072873822
[11:23:27] [ WARN:0@808.963] global cap_msmf.cpp:1815 CvCapture_MSMF::grabFrame videoio(MSMF): can't grab frame. Error: -1072873822
[11:23:27] [ WARN:0@809.075] global cap_msmf.cpp:1815 CvCapture_MSMF::grabFrame videoio(MSMF): can't grab frame. Error: -1072873822
[11:23:28] [ WARN:0@809.186] global cap_msmf.cpp:1815 CvCapture_MSMF::grabFrame videoio(MSMF): can't grab frame. Error: -1072873822
[11:23:28] [ WARN:0@809.296] global cap_msmf.cpp:1815 CvCapture_MSMF::grabFrame videoio(MSMF): can't grab frame. Error: -1072873822
[11:23:28] [ WARN:0@809.405] global cap_msmf.cpp:1815 CvCapture_MSMF::grabFrame videoio(MSMF): can't grab frame. Error: -1072873822
[11:23:28] [ WARN:0@809.516] global cap_msmf.cpp:1815 CvCapture_MSMF::grabFrame videoio(MSMF): can't grab frame. Error: -1072873822
[11:23:28] [ WARN:0@809.626] global cap_msmf.cpp:1815 CvCapture_MSMF::grabFrame videoio(MSMF): can't grab frame. Error: -1072873822
[11:23:28] [ WARN:0@809.738] global cap_msmf.cpp:1815 CvCapture_MSMF::grabFrame videoio(MSMF): can't grab frame. Error: -1072873822
[11:23:28] [ WARN:0@809.849] global cap_msmf.cpp:1815 CvCapture_MSMF::grabFrame videoio(MSMF): can't grab frame. Error: -1072873822
[11:23:28] [ WARN:0@809.960] global cap_msmf.cpp:1815 CvCapture_MSMF::grabFrame videoio(MSMF): can't grab frame. Error: -1072873822
[11:23:28] [ WARN:0@810.069] global cap_msmf.cpp:1815 CvCapture_MSMF::grabFrame videoio(MSMF): can't grab frame. Error: -1072873822
[11:23:29] [ WARN:0@810.179] global cap_msmf.cpp:1815 CvCapture_MSMF::grabFrame videoio(MSMF): can't grab frame. Error: -1072873822
[11:23:29] [ WARN:0@810.289] global cap_msmf.cpp:1815 CvCapture_MSMF::grabFrame videoio(MSMF): can't grab frame. Error: -1072873822
[11:23:29] [ WARN:0@810.399] global cap_msmf.cpp:1815 CvCapture_MSMF::grabFrame videoio(MSMF): can't grab frame. Error: -1072873822
[11:23:29] [ WARN:0@810.510] global cap_msmf.cpp:1815 CvCapture_MSMF::grabFrame videoio(MSMF): can't grab frame. Error: -1072873822
[11:23:29] [ WARN:0@810.618] global cap_msmf.cpp:1815 CvCapture_MSMF::grabFrame videoio(MSMF): can't grab frame. Error: -1072873822
[11:23:29] [ WARN:0@810.730] global cap_msmf.cpp:1815 CvCapture_MSMF::grabFrame videoio(MSMF): can't grab frame. Error: -1072873822
[11:23:29] [ WARN:0@810.841] global cap_msmf.cpp:1815 CvCapture_MSMF::grabFrame videoio(MSMF): can't grab frame. Error: -1072873822
[11:23:29] [ WARN:0@810.951] global cap_msmf.cpp:1815 CvCapture_MSMF::grabFrame videoio(MSMF): can't grab frame. Error: -1072873822
[11:23:29] [ WARN:0@811.062] global cap_msmf.cpp:1815 CvCapture_MSMF::grabFrame videoio(MSMF): can't grab frame. Error: -1072873822
[11:23:30] [ WARN:0@811.173] global cap_msmf.cpp:1815 CvCapture_MSMF::grabFrame videoio(MSMF): can't grab frame. Error: -1072873822
[11:23:30] [ WARN:0@811.284] global cap_msmf.cpp:1815 CvCapture_MSMF::grabFrame videoio(MSMF): can't grab frame. Error: -1072873822
[11:23:30] [ WARN:0@811.395] global cap_msmf.cpp:1815 CvCapture_MSMF::grabFrame videoio(MSMF): can't grab frame. Error: -1072873822
[11:23:30] [ WARN:0@811.506] global cap_msmf.cpp:1815 CvCapture_MSMF::grabFrame videoio(MSMF): can't grab frame. Error: -1072873822
[11:23:30] [ WARN:0@811.619] global cap_msmf.cpp:1815 CvCapture_MSMF::grabFrame videoio(MSMF): can't grab frame. Error: -1072873822
[11:23:30] [ WARN:0@811.733] global cap_msmf.cpp:1815 CvCapture_MSMF::grabFrame videoio(MSMF): can't grab frame. Error: -1072873822
[11:23:30] [ WARN:0@811.845] global cap_msmf.cpp:1815 CvCapture_MSMF::grabFrame videoio(MSMF): can't grab frame. Error: -1072873822
[11:23:30] [ WARN:0@811.956] global cap_msmf.cpp:1815 CvCapture_MSMF::grabFrame videoio(MSMF): can't grab frame. Error: -1072873822
[11:23:30] [ WARN:0@812.067] global cap_msmf.cpp:1815 CvCapture_MSMF::grabFrame videoio(MSMF): can't grab frame. Error: -1072873822
[11:23:31] [ WARN:0@812.177] global cap_msmf.cpp:1815 CvCapture_MSMF::grabFrame videoio(MSMF): can't grab frame. Error: -1072873822
[11:23:31] [ WARN:0@812.286] global cap_msmf.cpp:1815 CvCapture_MSMF::grabFrame videoio(MSMF): can't grab frame. Error: -1072873822
[11:23:31] [ WARN:0@812.398] global cap_msmf.cpp:1815 CvCapture_MSMF::grabFrame videoio(MSMF): can't grab frame. Error: -1072873822
[11:23:31] [ WARN:0@812.509] global cap_msmf.cpp:1815 CvCapture_MSMF::grabFrame videoio(MSMF): can't grab frame. Error: -1072873822
[11:23:31] [ WARN:0@812.620] global cap_msmf.cpp:1815 CvCapture_MSMF::grabFrame videoio(MSMF): can't grab frame. Error: -1072873822
[11:23:31] [ WARN:0@812.734] global cap_msmf.cpp:1815 CvCapture_MSMF::grabFrame videoio(MSMF): can't grab frame. Error: -1072873822
[11:23:31] [ WARN:0@812.846] global cap_msmf.cpp:1815 CvCapture_MSMF::grabFrame videoio(MSMF): can't grab frame. Error: -1072873822
[11:23:31] [ WARN:0@812.956] global cap_msmf.cpp:1815 CvCapture_MSMF::grabFrame videoio(MSMF): can't grab frame. Error: -1072873822
[11:23:31] [ WARN:0@813.067] global cap_msmf.cpp:1815 CvCapture_MSMF::grabFrame videoio(MSMF): can't grab frame. Error: -1072873822
[11:23:32] [ WARN:0@813.176] global cap_msmf.cpp:1815 CvCapture_MSMF::grabFrame videoio(MSMF): can't grab frame. Error: -1072873822
[11:23:32] [ WARN:0@813.287] global cap_msmf.cpp:1815 CvCapture_MSMF::grabFrame videoio(MSMF): can't grab frame. Error: -1072873822
[11:23:32] [ WARN:0@813.398] global cap_msmf.cpp:1815 CvCapture_MSMF::grabFrame videoio(MSMF): can't grab frame. Error: -1072873822
[11:23:32] [ WARN:0@813.509] global cap_msmf.cpp:1815 CvCapture_MSMF::grabFrame videoio(MSMF): can't grab frame. Error: -1072873822
[11:23:32] [ WARN:0@813.622] global cap_msmf.cpp:1815 CvCapture_MSMF::grabFrame videoio(MSMF): can't grab frame. Error: -1072873822
[11:23:32] [ WARN:0@813.735] global cap_msmf.cpp:1815 CvCapture_MSMF::grabFrame videoio(MSMF): can't grab frame. Error: -1072873822
[11:23:32] [ WARN:0@813.847] global cap_msmf.cpp:1815 CvCapture_MSMF::grabFrame videoio(MSMF): can't grab frame. Error: -1072873822
[11:23:32] [ WARN:0@813.960] global cap_msmf.cpp:1815 CvCapture_MSMF::grabFrame videoio(MSMF): can't grab frame. Error: -1072873822
[11:23:32] [ WARN:0@814.072] global cap_msmf.cpp:1815 CvCapture_MSMF::grabFrame videoio(MSMF): can't grab frame. Error: -1072873822
[11:23:33] [ WARN:0@814.184] global cap_msmf.cpp:1815 CvCapture_MSMF::grabFrame videoio(MSMF): can't grab frame. Error: -1072873822
[11:23:33] [ WARN:0@814.297] global cap_msmf.cpp:1815 CvCapture_MSMF::grabFrame videoio(MSMF): can't grab frame. Error: -1072873822
[11:23:33] [ WARN:0@814.408] global cap_msmf.cpp:1815 CvCapture_MSMF::grabFrame videoio(MSMF): can't grab frame. Error: -1072873822
[11:23:33] [ WARN:0@814.522] global cap_msmf.cpp:1815 CvCapture_MSMF::grabFrame videoio(MSMF): can't grab frame. Error: -1072873822
[11:23:33] [ WARN:0@814.635] global cap_msmf.cpp:1815 CvCapture_MSMF::grabFrame videoio(MSMF): can't grab frame. Error: -1072873822
[11:23:33] [ WARN:0@814.748] global cap_msmf.cpp:1815 CvCapture_MSMF::grabFrame videoio(MSMF): can't grab frame. Error: -1072873822
[11:23:33] [ WARN:0@814.861] global cap_msmf.cpp:1815 CvCapture_MSMF::grabFrame videoio(MSMF): can't grab frame. Error: -1072873822
[11:23:33] [ WARN:0@814.972] global cap_msmf.cpp:1815 CvCapture_MSMF::grabFrame videoio(MSMF): can't grab frame. Error: -1072873822
[11:23:33] [ WARN:0@815.084] global cap_msmf.cpp:1815 CvCapture_MSMF::grabFrame videoio(MSMF): can't grab frame. Error: -1072873822
[11:23:34] [ WARN:0@815.194] global cap_msmf.cpp:1815 CvCapture_MSMF::grabFrame videoio(MSMF): can't grab frame. Error: -1072873822
[11:23:34] [ WARN:0@815.307] global cap_msmf.cpp:1815 CvCapture_MSMF::grabFrame videoio(MSMF): can't grab frame. Error: -1072873822
[11:23:34] [ WARN:0@815.418] global cap_msmf.cpp:1815 CvCapture_MSMF::grabFrame videoio(MSMF): can't grab frame. Error: -1072873822
[11:23:34] [ WARN:0@815.530] global cap_msmf.cpp:1815 CvCapture_MSMF::grabFrame videoio(MSMF): can't grab frame. Error: -1072873822
[11:23:34] [ WARN:0@815.641] global cap_msmf.cpp:1815 CvCapture_MSMF::grabFrame videoio(MSMF): can't grab frame. Error: -1072873822
[11:23:34] [ WARN:0@815.752] global cap_msmf.cpp:1815 CvCapture_MSMF::grabFrame videoio(MSMF): can't grab frame. Error: -1072873822
[11:23:34] [ WARN:0@815.863] global cap_msmf.cpp:1815 CvCapture_MSMF::grabFrame videoio(MSMF): can't grab frame. Error: -1072873822
[11:23:34] [ WARN:0@815.974] global cap_msmf.cpp:1815 CvCapture_MSMF::grabFrame videoio(MSMF): can't grab frame. Error: -1072873822
[11:23:34] [ WARN:0@816.086] global cap_msmf.cpp:1815 CvCapture_MSMF::grabFrame videoio(MSMF): can't grab frame. Error: -1072873822
[11:23:35] [ WARN:0@816.197] global cap_msmf.cpp:1815 CvCapture_MSMF::grabFrame videoio(MSMF): can't grab frame. Error: -1072873822
[11:23:35] [ WARN:0@816.310] global cap_msmf.cpp:1815 CvCapture_MSMF::grabFrame videoio(MSMF): can't grab frame. Error: -1072873822
[11:23:35] [ WARN:0@816.422] global cap_msmf.cpp:1815 CvCapture_MSMF::grabFrame videoio(MSMF): can't grab frame. Error: -1072873822
[11:23:35] [ WARN:0@816.535] global cap_msmf.cpp:1815 CvCapture_MSMF::grabFrame videoio(MSMF): can't grab frame. Error: -1072873822
[11:23:35] [ WARN:0@816.647] global cap_msmf.cpp:1815 CvCapture_MSMF::grabFrame videoio(MSMF): can't grab frame. Error: -1072873822
[11:23:35] [ WARN:0@816.759] global cap_msmf.cpp:1815 CvCapture_MSMF::grabFrame videoio(MSMF): can't grab frame. Error: -1072873822
[11:23:35] [ WARN:0@816.872] global cap_msmf.cpp:1815 CvCapture_MSMF::grabFrame videoio(MSMF): can't grab frame. Error: -1072873822
[11:23:35] [ WARN:0@816.984] global cap_msmf.cpp:1815 CvCapture_MSMF::grabFrame videoio(MSMF): can't grab frame. Error: -1072873822
[11:23:35] [ WARN:0@817.095] global cap_msmf.cpp:1815 CvCapture_MSMF::grabFrame videoio(MSMF): can't grab frame. Error: -1072873822
[11:23:36] [ WARN:0@817.208] global cap_msmf.cpp:1815 CvCapture_MSMF::grabFrame videoio(MSMF): can't grab frame. Error: -1072873822
[11:23:36] [ WARN:0@817.319] global cap_msmf.cpp:1815 CvCapture_MSMF::grabFrame videoio(MSMF): can't grab frame. Error: -1072873822
[11:23:36] [ WARN:0@817.430] global cap_msmf.cpp:1815 CvCapture_MSMF::grabFrame videoio(MSMF): can't grab frame. Error: -1072873822
[11:23:36] [ WARN:0@817.543] global cap_msmf.cpp:1815 CvCapture_MSMF::grabFrame videoio(MSMF): can't grab frame. Error: -1072873822
[11:23:36] [ WARN:0@817.656] global cap_msmf.cpp:1815 CvCapture_MSMF::grabFrame videoio(MSMF): can't grab frame. Error: -1072873822
[11:23:36] [ WARN:0@817.768] global cap_msmf.cpp:1815 CvCapture_MSMF::grabFrame videoio(MSMF): can't grab frame. Error: -1072873822
[11:23:36] [ WARN:0@817.880] global cap_msmf.cpp:1815 CvCapture_MSMF::grabFrame videoio(MSMF): can't grab frame. Error: -1072873822
[11:23:36] [ WARN:0@817.992] global cap_msmf.cpp:1815 CvCapture_MSMF::grabFrame videoio(MSMF): can't grab frame. Error: -1072873822
[11:23:36] [ WARN:0@818.104] global cap_msmf.cpp:1815 CvCapture_MSMF::grabFrame videoio(MSMF): can't grab frame. Error: -1072873822
[11:23:37] [ WARN:0@818.215] global cap_msmf.cpp:1815 CvCapture_MSMF::grabFrame videoio(MSMF): can't grab frame. Error: -1072873822
[11:23:37] [ WARN:0@818.325] global cap_msmf.cpp:1815 CvCapture_MSMF::grabFrame videoio(MSMF): can't grab frame. Error: -1072873822
[11:23:37] [ WARN:0@818.436] global cap_msmf.cpp:1815 CvCapture_MSMF::grabFrame videoio(MSMF): can't grab frame. Error: -1072873822
[11:23:37] [ WARN:0@818.547] global cap_msmf.cpp:1815 CvCapture_MSMF::grabFrame videoio(MSMF): can't grab frame. Error: -1072873822
[11:23:37] [ WARN:0@818.657] global cap_msmf.cpp:1815 CvCapture_MSMF::grabFrame videoio(MSMF): can't grab frame. Error: -1072873822
[11:23:37] [ WARN:0@818.769] global cap_msmf.cpp:1815 CvCapture_MSMF::grabFrame videoio(MSMF): can't grab frame. Error: -1072873822
[11:23:37] [ WARN:0@818.881] global cap_msmf.cpp:1815 CvCapture_MSMF::grabFrame videoio(MSMF): can't grab frame. Error: -1072873822
[11:23:37] [ WARN:0@818.993] global cap_msmf.cpp:1815 CvCapture_MSMF::grabFrame videoio(MSMF): can't grab frame. Error: -1072873822
[11:23:37] [ WARN:0@819.105] global cap_msmf.cpp:1815 CvCapture_MSMF::grabFrame videoio(MSMF): can't grab frame. Error: -1072873822
[11:23:38] [ WARN:0@819.217] global cap_msmf.cpp:1815 CvCapture_MSMF::grabFrame videoio(MSMF): can't grab frame. Error: -1072873822
[11:23:38] [ WARN:0@819.328] global cap_msmf.cpp:1815 CvCapture_MSMF::grabFrame videoio(MSMF): can't grab frame. Error: -1072873822
[11:23:38] [ WARN:0@819.438] global cap_msmf.cpp:1815 CvCapture_MSMF::grabFrame videoio(MSMF): can't grab frame. Error: -1072873822
[11:23:38] [ WARN:0@819.550] global cap_msmf.cpp:1815 CvCapture_MSMF::grabFrame videoio(MSMF): can't grab frame. Error: -1072873822
[11:23:38] [ WARN:0@819.658] global cap_msmf.cpp:1815 CvCapture_MSMF::grabFrame videoio(MSMF): can't grab frame. Error: -1072873822
[11:23:38] [ WARN:0@819.770] global cap_msmf.cpp:1815 CvCapture_MSMF::grabFrame videoio(MSMF): can't grab frame. Error: -1072873822
[11:23:38] [ WARN:0@819.880] global cap_msmf.cpp:1815 CvCapture_MSMF::grabFrame videoio(MSMF): can't grab frame. Error: -1072873822
[11:23:38] [ WARN:0@819.990] global cap_msmf.cpp:1815 CvCapture_MSMF::grabFrame videoio(MSMF): can't grab frame. Error: -1072873822
[11:23:38] [ WARN:0@820.100] global cap_msmf.cpp:1815 CvCapture_MSMF::grabFrame videoio(MSMF): can't grab frame. Error: -1072873822
[11:23:39] [ WARN:0@820.211] global cap_msmf.cpp:1815 CvCapture_MSMF::grabFrame videoio(MSMF): can't grab frame. Error: -1072873822
[11:23:39] [ WARN:0@820.321] global cap_msmf.cpp:1815 CvCapture_MSMF::grabFrame videoio(MSMF): can't grab frame. Error: -1072873822
[11:23:39] [ WARN:0@820.431] global cap_msmf.cpp:1815 CvCapture_MSMF::grabFrame videoio(MSMF): can't grab frame. Error: -1072873822
[11:23:39] [ WARN:0@820.542] global cap_msmf.cpp:1815 CvCapture_MSMF::grabFrame videoio(MSMF): can't grab frame. Error: -1072873822
[11:23:39] [ WARN:0@820.655] global cap_msmf.cpp:1815 CvCapture_MSMF::grabFrame videoio(MSMF): can't grab frame. Error: -1072873822
[11:23:39] [ WARN:0@820.765] global cap_msmf.cpp:1815 CvCapture_MSMF::grabFrame videoio(MSMF): can't grab frame. Error: -1072873822
[11:23:39] [ WARN:0@820.879] global cap_msmf.cpp:1815 CvCapture_MSMF::grabFrame videoio(MSMF): can't grab frame. Error: -1072873822
[11:23:39] [ WARN:0@820.990] global cap_msmf.cpp:1815 CvCapture_MSMF::grabFrame videoio(MSMF): can't grab frame. Error: -1072873822
[11:23:39] [ WARN:0@821.103] global cap_msmf.cpp:1815 CvCapture_MSMF::grabFrame videoio(MSMF): can't grab frame. Error: -1072873822
[11:23:40] [ WARN:0@821.215] global cap_msmf.cpp:1815 CvCapture_MSMF::grabFrame videoio(MSMF): can't grab frame. Error: -1072873822
[11:23:40] [ WARN:0@821.326] global cap_msmf.cpp:1815 CvCapture_MSMF::grabFrame videoio(MSMF): can't grab frame. Error: -1072873822
[11:23:40] [ WARN:0@821.440] global cap_msmf.cpp:1815 CvCapture_MSMF::grabFrame videoio(MSMF): can't grab frame. Error: -1072873822
[11:23:40] [ WARN:0@821.552] global cap_msmf.cpp:1815 CvCapture_MSMF::grabFrame videoio(MSMF): can't grab frame. Error: -1072873822
[11:23:40] [ WARN:0@821.664] global cap_msmf.cpp:1815 CvCapture_MSMF::grabFrame videoio(MSMF): can't grab frame. Error: -1072873822
[11:23:40] [ WARN:0@821.777] global cap_msmf.cpp:1815 CvCapture_MSMF::grabFrame videoio(MSMF): can't grab frame. Error: -1072873822
[11:23:40] [ WARN:0@821.888] global cap_msmf.cpp:1815 CvCapture_MSMF::grabFrame videoio(MSMF): can't grab frame. Error: -1072873822
[11:23:40] [ WARN:0@822.001] global cap_msmf.cpp:1815 CvCapture_MSMF::grabFrame videoio(MSMF): can't grab frame. Error: -1072873822
[11:23:40] [ WARN:0@822.114] global cap_msmf.cpp:1815 CvCapture_MSMF::grabFrame videoio(MSMF): can't grab frame. Error: -1072873822
[11:23:41] [ WARN:0@822.225] global cap_msmf.cpp:1815 CvCapture_MSMF::grabFrame videoio(MSMF): can't grab frame. Error: -1072873822
[11:23:41] [ WARN:0@822.338] global cap_msmf.cpp:1815 CvCapture_MSMF::grabFrame videoio(MSMF): can't grab frame. Error: -1072873822
[11:23:41] [ WARN:0@822.450] global cap_msmf.cpp:1815 CvCapture_MSMF::grabFrame videoio(MSMF): can't grab frame. Error: -1072873822
[11:23:41] [ WARN:0@822.562] global cap_msmf.cpp:1815 CvCapture_MSMF::grabFrame videoio(MSMF): can't grab frame. Error: -1072873822
[11:23:41] [ WARN:0@822.674] global cap_msmf.cpp:1815 CvCapture_MSMF::grabFrame videoio(MSMF): can't grab frame. Error: -1072873822
[11:23:41] [ WARN:0@822.785] global cap_msmf.cpp:1815 CvCapture_MSMF::grabFrame videoio(MSMF): can't grab frame. Error: -1072873822
[11:23:41] [ WARN:0@822.897] global cap_msmf.cpp:1815 CvCapture_MSMF::grabFrame videoio(MSMF): can't grab frame. Error: -1072873822
[11:23:41] [ WARN:0@823.009] global cap_msmf.cpp:1815 CvCapture_MSMF::grabFrame videoio(MSMF): can't grab frame. Error: -1072873822
[11:23:41] [ WARN:0@823.122] global cap_msmf.cpp:1815 CvCapture_MSMF::grabFrame videoio(MSMF): can't grab frame. Error: -1072873822
[11:23:42] [ WARN:0@823.235] global cap_msmf.cpp:1815 CvCapture_MSMF::grabFrame videoio(MSMF): can't grab frame. Error: -1072873822
[11:23:42] [ WARN:0@823.347] global cap_msmf.cpp:1815 CvCapture_MSMF::grabFrame videoio(MSMF): can't grab frame. Error: -1072873822
[11:23:42] [ WARN:0@823.459] global cap_msmf.cpp:1815 CvCapture_MSMF::grabFrame videoio(MSMF): can't grab frame. Error: -1072873822
[11:23:42] [ WARN:0@823.572] global cap_msmf.cpp:1815 CvCapture_MSMF::grabFrame videoio(MSMF): can't grab frame. Error: -1072873822
[11:23:42] [ WARN:0@823.685] global cap_msmf.cpp:1815 CvCapture_MSMF::grabFrame videoio(MSMF): can't grab frame. Error: -1072873822
[11:23:42] [ WARN:0@823.799] global cap_msmf.cpp:1815 CvCapture_MSMF::grabFrame videoio(MSMF): can't grab frame. Error: -1072873822
[11:23:42] [ WARN:0@823.910] global cap_msmf.cpp:1815 CvCapture_MSMF::grabFrame videoio(MSMF): can't grab frame. Error: -1072873822
[11:23:42] [ WARN:0@824.022] global cap_msmf.cpp:1815 CvCapture_MSMF::grabFrame videoio(MSMF): can't grab frame. Error: -1072873822
[11:23:43] [ WARN:0@824.134] global cap_msmf.cpp:1815 CvCapture_MSMF::grabFrame videoio(MSMF): can't grab frame. Error: -1072873822
[11:23:43] [ WARN:0@824.245] global cap_msmf.cpp:1815 CvCapture_MSMF::grabFrame videoio(MSMF): can't grab frame. Error: -1072873822
[11:23:43] [ WARN:0@824.356] global cap_msmf.cpp:1815 CvCapture_MSMF::grabFrame videoio(MSMF): can't grab frame. Error: -1072873822
[11:23:43] [ WARN:0@824.469] global cap_msmf.cpp:1815 CvCapture_MSMF::grabFrame videoio(MSMF): can't grab frame. Error: -1072873822
[11:23:43] [ WARN:0@824.582] global cap_msmf.cpp:1815 CvCapture_MSMF::grabFrame videoio(MSMF): can't grab frame. Error: -1072873822
[11:23:43] [ WARN:0@824.694] global cap_msmf.cpp:1815 CvCapture_MSMF::grabFrame videoio(MSMF): can't grab frame. Error: -1072873822
[11:23:43] [ WARN:0@824.806] global cap_msmf.cpp:1815 CvCapture_MSMF::grabFrame videoio(MSMF): can't grab frame. Error: -1072873822
[11:23:43] [ WARN:0@824.918] global cap_msmf.cpp:1815 CvCapture_MSMF::grabFrame videoio(MSMF): can't grab frame. Error: -1072873822
[11:23:43] [ WARN:0@825.032] global cap_msmf.cpp:1815 CvCapture_MSMF::grabFrame videoio(MSMF): can't grab frame. Error: -1072873822
[11:23:44] [ WARN:0@825.143] global cap_msmf.cpp:1815 CvCapture_MSMF::grabFrame videoio(MSMF): can't grab frame. Error: -1072873822
[11:23:44] [ WARN:0@825.255] global cap_msmf.cpp:1815 CvCapture_MSMF::grabFrame videoio(MSMF): can't grab frame. Error: -1072873822
[11:23:44] [ WARN:0@825.366] global cap_msmf.cpp:1815 CvCapture_MSMF::grabFrame videoio(MSMF): can't grab frame. Error: -1072873822
[11:23:44] [ WARN:0@825.478] global cap_msmf.cpp:1815 CvCapture_MSMF::grabFrame videoio(MSMF): can't grab frame. Error: -1072873822
[11:23:44] [ WARN:0@825.590] global cap_msmf.cpp:1815 CvCapture_MSMF::grabFrame videoio(MSMF): can't grab frame. Error: -1072873822
[11:23:44] [ WARN:0@825.702] global cap_msmf.cpp:1815 CvCapture_MSMF::grabFrame videoio(MSMF): can't grab frame. Error: -1072873822
[11:23:44] [ WARN:0@825.814] global cap_msmf.cpp:1815 CvCapture_MSMF::grabFrame videoio(MSMF): can't grab frame. Error: -1072873822
[11:23:44] [ WARN:0@825.927] global cap_msmf.cpp:1815 CvCapture_MSMF::grabFrame videoio(MSMF): can't grab frame. Error: -1072873822
[11:23:44] [ WARN:0@826.039] global cap_msmf.cpp:1815 CvCapture_MSMF::grabFrame videoio(MSMF): can't grab frame. Error: -1072873822
[11:23:45] [ WARN:0@826.150] global cap_msmf.cpp:1815 CvCapture_MSMF::grabFrame videoio(MSMF): can't grab frame. Error: -1072873822
[11:23:45] [ WARN:0@826.262] global cap_msmf.cpp:1815 CvCapture_MSMF::grabFrame videoio(MSMF): can't grab frame. Error: -1072873822
[11:23:45] [ WARN:0@826.373] global cap_msmf.cpp:1815 CvCapture_MSMF::grabFrame videoio(MSMF): can't grab frame. Error: -1072873822
[11:23:45] [ WARN:0@826.487] global cap_msmf.cpp:1815 CvCapture_MSMF::grabFrame videoio(MSMF): can't grab frame. Error: -1072873822
[11:23:45] [ WARN:0@826.599] global cap_msmf.cpp:1815 CvCapture_MSMF::grabFrame videoio(MSMF): can't grab frame. Error: -1072873822
[11:23:45] [ WARN:0@826.711] global cap_msmf.cpp:1815 CvCapture_MSMF::grabFrame videoio(MSMF): can't grab frame. Error: -1072873822
[11:23:45] [ WARN:0@826.822] global cap_msmf.cpp:1815 CvCapture_MSMF::grabFrame videoio(MSMF): can't grab frame. Error: -1072873822
[11:23:45] [ WARN:0@826.935] global cap_msmf.cpp:1815 CvCapture_MSMF::grabFrame videoio(MSMF): can't grab frame. Error: -1072873822
[11:23:45] [ WARN:0@827.048] global cap_msmf.cpp:1815 CvCapture_MSMF::grabFrame videoio(MSMF): can't grab frame. Error: -1072873822
[11:23:46] [ WARN:0@827.158] global cap_msmf.cpp:1815 CvCapture_MSMF::grabFrame videoio(MSMF): can't grab frame. Error: -1072873822
[11:23:46] [ WARN:0@827.270] global cap_msmf.cpp:1815 CvCapture_MSMF::grabFrame videoio(MSMF): can't grab frame. Error: -1072873822
[11:23:46] [ WARN:0@827.382] global cap_msmf.cpp:1815 CvCapture_MSMF::grabFrame videoio(MSMF): can't grab frame. Error: -1072873822
[11:23:46] [ WARN:0@827.494] global cap_msmf.cpp:1815 CvCapture_MSMF::grabFrame videoio(MSMF): can't grab frame. Error: -1072873822
[11:23:46] [ WARN:0@827.606] global cap_msmf.cpp:1815 CvCapture_MSMF::grabFrame videoio(MSMF): can't grab frame. Error: -1072873822
[11:23:46] [ WARN:0@827.719] global cap_msmf.cpp:1815 CvCapture_MSMF::grabFrame videoio(MSMF): can't grab frame. Error: -1072873822
[11:23:46] [ WARN:0@827.831] global cap_msmf.cpp:1815 CvCapture_MSMF::grabFrame videoio(MSMF): can't grab frame. Error: -1072873822
[11:23:46] [ WARN:0@827.943] global cap_msmf.cpp:1815 CvCapture_MSMF::grabFrame videoio(MSMF): can't grab frame. Error: -1072873822
[11:23:46] [ WARN:0@828.054] global cap_msmf.cpp:1815 CvCapture_MSMF::grabFrame videoio(MSMF): can't grab frame. Error: -1072873822
[11:23:47] [ WARN:0@828.166] global cap_msmf.cpp:1815 CvCapture_MSMF::grabFrame videoio(MSMF): can't grab frame. Error: -1072873822
[11:23:47] [ WARN:0@828.279] global cap_msmf.cpp:1815 CvCapture_MSMF::grabFrame videoio(MSMF): can't grab frame. Error: -1072873822
[11:23:47] [ WARN:0@828.390] global cap_msmf.cpp:1815 CvCapture_MSMF::grabFrame videoio(MSMF): can't grab frame. Error: -1072873822
[11:23:47] [ WARN:0@828.501] global cap_msmf.cpp:1815 CvCapture_MSMF::grabFrame videoio(MSMF): can't grab frame. Error: -1072873822
[11:23:47] [ WARN:0@828.614] global cap_msmf.cpp:1815 CvCapture_MSMF::grabFrame videoio(MSMF): can't grab frame. Error: -1072873822
[11:23:47] [ WARN:0@828.725] global cap_msmf.cpp:1815 CvCapture_MSMF::grabFrame videoio(MSMF): can't grab frame. Error: -1072873822
[11:23:47] [ WARN:0@828.835] global cap_msmf.cpp:1815 CvCapture_MSMF::grabFrame videoio(MSMF): can't grab frame. Error: -1072873822
[11:23:47] [ WARN:0@828.944] global cap_msmf.cpp:1815 CvCapture_MSMF::grabFrame videoio(MSMF): can't grab frame. Error: -1072873822
[11:23:47] [ WARN:0@829.055] global cap_msmf.cpp:1815 CvCapture_MSMF::grabFrame videoio(MSMF): can't grab frame. Error: -1072873822
[11:23:48] [ WARN:0@829.166] global cap_msmf.cpp:1815 CvCapture_MSMF::grabFrame videoio(MSMF): can't grab frame. Error: -1072873822
[11:23:48] [ WARN:0@829.278] global cap_msmf.cpp:1815 CvCapture_MSMF::grabFrame videoio(MSMF): can't grab frame. Error: -1072873822
[11:23:48] [ WARN:0@829.388] global cap_msmf.cpp:1815 CvCapture_MSMF::grabFrame videoio(MSMF): can't grab frame. Error: -1072873822
[11:23:48] ### Dang gui tin hieu dung...
[11:23:48] [ WARN:0@829.498] global cap_msmf.cpp:1815 CvCapture_MSMF::grabFrame videoio(MSMF): can't grab frame. Error: -1072873822
[11:23:48] [ WARN:0@829.609] global cap_msmf.cpp:1815 CvCapture_MSMF::grabFrame videoio(MSMF): can't grab frame. Error: -1072873822
[11:23:48] [ WARN:0@829.720] global cap_msmf.cpp:1815 CvCapture_MSMF::grabFrame videoio(MSMF): can't grab frame. Error: -1072873822
[11:23:48] [ WARN:0@829.831] global cap_msmf.cpp:1815 CvCapture_MSMF::grabFrame videoio(MSMF): can't grab frame. Error: -1072873822
[11:23:48] ### Dang gui tin hieu dung...
[11:23:48] [ WARN:0@829.941] global cap_msmf.cpp:1815 CvCapture_MSMF::grabFrame videoio(MSMF): can't grab frame. Error: -1072873822
[11:23:48] [ WARN:0@830.050] global cap_msmf.cpp:1815 CvCapture_MSMF::grabFrame videoio(MSMF): can't grab frame. Error: -1072873822
[11:23:49] [ WARN:0@830.161] global cap_msmf.cpp:1815 CvCapture_MSMF::grabFrame videoio(MSMF): can't grab frame. Error: -1072873822
[11:23:49] [ WARN:0@830.271] global cap_msmf.cpp:1815 CvCapture_MSMF::grabFrame videoio(MSMF): can't grab frame. Error: -1072873822
[11:23:49] [ WARN:0@830.382] global cap_msmf.cpp:1815 CvCapture_MSMF::grabFrame videoio(MSMF): can't grab frame. Error: -1072873822
[11:23:49] [ WARN:0@830.492] global cap_msmf.cpp:1815 CvCapture_MSMF::grabFrame videoio(MSMF): can't grab frame. Error: -1072873822
[11:23:49] [ WARN:0@830.602] global cap_msmf.cpp:1815 CvCapture_MSMF::grabFrame videoio(MSMF): can't grab frame. Error: -1072873822
[11:23:49] [ WARN:0@830.714] global cap_msmf.cpp:1815 CvCapture_MSMF::grabFrame videoio(MSMF): can't grab frame. Error: -1072873822
[11:23:49] [ WARN:0@830.829] global cap_msmf.cpp:1815 CvCapture_MSMF::grabFrame videoio(MSMF): can't grab frame. Error: -1072873822
[11:23:49] [ WARN:0@830.941] global cap_msmf.cpp:1815 CvCapture_MSMF::grabFrame videoio(MSMF): can't grab frame. Error: -1072873822
[11:23:49] [ WARN:0@831.052] global cap_msmf.cpp:1815 CvCapture_MSMF::grabFrame videoio(MSMF): can't grab frame. Error: -1072873822
[11:23:50] [ WARN:0@831.165] global cap_msmf.cpp:1815 CvCapture_MSMF::grabFrame videoio(MSMF): can't grab frame. Error: -1072873822
[11:23:50] [ WARN:0@831.277] global cap_msmf.cpp:1815 CvCapture_MSMF::grabFrame videoio(MSMF): can't grab frame. Error: -1072873822
[11:23:50] [ WARN:0@831.389] global cap_msmf.cpp:1815 CvCapture_MSMF::grabFrame videoio(MSMF): can't grab frame. Error: -1072873822
[11:23:50] [ WARN:0@831.500] global cap_msmf.cpp:1815 CvCapture_MSMF::grabFrame videoio(MSMF): can't grab frame. Error: -1072873822
[11:23:50] [ WARN:0@831.613] global cap_msmf.cpp:1815 CvCapture_MSMF::grabFrame videoio(MSMF): can't grab frame. Error: -1072873822
[11:23:50] [ WARN:0@831.725] global cap_msmf.cpp:1815 CvCapture_MSMF::grabFrame videoio(MSMF): can't grab frame. Error: -1072873822
[11:23:50] [ WARN:0@831.839] global cap_msmf.cpp:1815 CvCapture_MSMF::grabFrame videoio(MSMF): can't grab frame. Error: -1072873822
[11:23:50] [ WARN:0@831.950] global cap_msmf.cpp:1815 CvCapture_MSMF::grabFrame videoio(MSMF): can't grab frame. Error: -1072873822
[11:23:50] [ WARN:0@832.063] global cap_msmf.cpp:1815 CvCapture_MSMF::grabFrame videoio(MSMF): can't grab frame. Error: -1072873822
[11:23:51] [ WARN:0@832.175] global cap_msmf.cpp:1815 CvCapture_MSMF::grabFrame videoio(MSMF): can't grab frame. Error: -1072873822
[11:23:51] ### Dang gui tin hieu dung...
[11:23:51] [ WARN:0@832.286] global cap_msmf.cpp:1815 CvCapture_MSMF::grabFrame videoio(MSMF): can't grab frame. Error: -1072873822
[11:23:51] [ WARN:0@832.399] global cap_msmf.cpp:1815 CvCapture_MSMF::grabFrame videoio(MSMF): can't grab frame. Error: -1072873822
[11:23:51] [ WARN:0@832.511] global cap_msmf.cpp:1815 CvCapture_MSMF::grabFrame videoio(MSMF): can't grab frame. Error: -1072873822
[11:23:51] [ WARN:0@832.623] global cap_msmf.cpp:1815 CvCapture_MSMF::grabFrame videoio(MSMF): can't grab frame. Error: -1072873822
[11:23:51] [ WARN:0@832.736] global cap_msmf.cpp:1815 CvCapture_MSMF::grabFrame videoio(MSMF): can't grab frame. Error: -1072873822
[11:23:51] [ WARN:0@832.849] global cap_msmf.cpp:1815 CvCapture_MSMF::grabFrame videoio(MSMF): can't grab frame. Error: -1072873822
[11:23:51] [ WARN:0@832.961] global cap_msmf.cpp:1815 CvCapture_MSMF::grabFrame videoio(MSMF): can't grab frame. Error: -1072873822
[11:23:51] [ WARN:0@833.073] global cap_msmf.cpp:1815 CvCapture_MSMF::grabFrame videoio(MSMF): can't grab frame. Error: -1072873822
[11:23:52] [ WARN:0@833.184] global cap_msmf.cpp:1815 CvCapture_MSMF::grabFrame videoio(MSMF): can't grab frame. Error: -1072873822
[11:23:52] [ WARN:0@833.297] global cap_msmf.cpp:1815 CvCapture_MSMF::grabFrame videoio(MSMF): can't grab frame. Error: -1072873822
[11:23:52] [ WARN:0@833.408] global cap_msmf.cpp:1815 CvCapture_MSMF::grabFrame videoio(MSMF): can't grab frame. Error: -1072873822
[11:23:52] [ WARN:0@833.521] global cap_msmf.cpp:1815 CvCapture_MSMF::grabFrame videoio(MSMF): can't grab frame. Error: -1072873822
[11:23:52] [ WARN:0@833.634] global cap_msmf.cpp:1815 CvCapture_MSMF::grabFrame videoio(MSMF): can't grab frame. Error: -1072873822
[11:23:52] [ WARN:0@833.745] global cap_msmf.cpp:1815 CvCapture_MSMF::grabFrame videoio(MSMF): can't grab frame. Error: -1072873822
[11:23:52] [ WARN:0@833.858] global cap_msmf.cpp:1815 CvCapture_MSMF::grabFrame videoio(MSMF): can't grab frame. Error: -1072873822
[11:23:52] [ WARN:0@833.971] global cap_msmf.cpp:1815 CvCapture_MSMF::grabFrame videoio(MSMF): can't grab frame. Error: -1072873822
[11:23:52] ### Dang gui tin hieu dung...
[11:23:52] [ WARN:0@834.084] global cap_msmf.cpp:1815 CvCapture_MSMF::grabFrame videoio(MSMF): can't grab frame. Error: -1072873822
[11:23:53] [ WARN:0@834.197] global cap_msmf.cpp:1815 CvCapture_MSMF::grabFrame videoio(MSMF): can't grab frame. Error: -1072873822
[11:23:53] [ WARN:0@834.309] global cap_msmf.cpp:1815 CvCapture_MSMF::grabFrame videoio(MSMF): can't grab frame. Error: -1072873822
[11:23:53] ### Dang gui tin hieu dung...
[11:23:53] [ WARN:0@834.418] global cap_msmf.cpp:1815 CvCapture_MSMF::grabFrame videoio(MSMF): can't grab frame. Error: -1072873822
[11:23:53] [ WARN:0@834.530] global cap_msmf.cpp:1815 CvCapture_MSMF::grabFrame videoio(MSMF): can't grab frame. Error: -1072873822
[11:23:53] ### Dang gui tin hieu dung...
[11:23:53] [ WARN:0@834.640] global cap_msmf.cpp:1815 CvCapture_MSMF::grabFrame videoio(MSMF): can't grab frame. Error: -1072873822
[11:23:53] [ WARN:0@834.750] global cap_msmf.cpp:1815 CvCapture_MSMF::grabFrame videoio(MSMF): can't grab frame. Error: -1072873822
[11:23:53] ### Dang gui tin hieu dung...
[11:23:53] [ WARN:0@834.860] global cap_msmf.cpp:1815 CvCapture_MSMF::grabFrame videoio(MSMF): can't grab frame. Error: -1072873822
[11:23:53] [ WARN:0@834.970] global cap_msmf.cpp:1815 CvCapture_MSMF::grabFrame videoio(MSMF): can't grab frame. Error: -1072873822
[11:23:53] [ WARN:0@835.080] global cap_msmf.cpp:1815 CvCapture_MSMF::grabFrame videoio(MSMF): can't grab frame. Error: -1072873822
[11:23:53] ### Dang gui tin hieu dung...
[11:23:54] [ WARN:0@835.203] global cap_msmf.cpp:1815 CvCapture_MSMF::grabFrame videoio(MSMF): can't grab frame. Error: -1072873822
[11:23:54] [ WARN:0@835.318] global cap_msmf.cpp:1815 CvCapture_MSMF::grabFrame videoio(MSMF): can't grab frame. Error: -1072873822
[11:23:54] [ WARN:0@835.422] global cap_msmf.cpp:1815 CvCapture_MSMF::grabFrame videoio(MSMF): can't grab frame. Error: -1072873822
[11:23:54] ### Khong tu thoat - buoc dung ca cay process (taskkill /T /F)
[11:23:54] [ WARN:0@835.532] global cap_msmf.cpp:1815 CvCapture_MSMF::grabFrame videoio(MSMF): can't grab frame. Error: -1072873822
[11:23:54] [ WARN:0@835.641] global cap_msmf.cpp:1815 CvCapture_MSMF::grabFrame videoio(MSMF): can't grab frame. Error: -1072873822
[11:23:54] [ WARN:0@835.753] global cap_msmf.cpp:1815 CvCapture_MSMF::grabFrame videoio(MSMF): can't grab frame. Error: -1072873822
[11:23:54] [ WARN:0@835.864] global cap_msmf.cpp:1815 CvCapture_MSMF::grabFrame videoio(MSMF): can't grab frame. Error: -1072873822
[11:23:54] ### DA DUNG (exit code 1)
