[11:38:30] ==============================================================================
[11:38:30] ### PHIEN MOI luc 2026-08-25 11:38:30
[11:38:30] ### run_mode = exe (target: D:\Camera\Dev\deploy\Service_Manager\modules\gui\Do_khoang_cach_kem_camera_v7\Do_khoang_cach_kem_camera_v7.exe)
[11:38:30] ### KHOI DONG: D:\Camera\Dev\deploy\Service_Manager\modules\gui\Do_khoang_cach_kem_camera_v7\Do_khoang_cach_kem_camera_v7.exe
[11:38:30] ### Thu muc lam viec: D:\Camera\Dev\deploy\Service_Manager\modules\gui\Do_khoang_cach_kem_camera_v7
[11:38:30] ### PID = 21076
[11:38:54] ### TIEN TRINH TU THOAT (exit code 0)
[12:06:45] ==============================================================================
[12:06:45] ### PHIEN MOI luc 2026-08-25 12:06:45
[12:06:45] ### run_mode = script (target: D:\Camera\Dev\Service_Manager\modules\gui\Do_khoang_cach_kem_camera_v7.py)
[12:06:45] ### KHOI DONG: D:\Camera\Dev\Camera_venv\Scripts\python.exe -u D:\Camera\Dev\Service_Manager\modules\gui\Do_khoang_cach_kem_camera_v7.py
[12:06:45] ### Thu muc lam viec: D:\Camera\Dev\Service_Manager\modules\gui
[12:06:45] ### PID = 34596
[12:11:01] Traceback (most recent call last):
[12:11:01]   File "D:\Camera\Dev\Service_Manager\modules\gui\Do_khoang_cach_kem_camera_v5.py", line 509, in _browse_calib_path
[12:11:01]     self.load_calibration()
[12:11:01]   File "D:\Camera\Dev\Service_Manager\modules\gui\Do_khoang_cach_kem_camera_v5.py", line 524, in load_calibration
[12:11:01]     self._rebuild_anchor_rows()
[12:11:01]   File "D:\Camera\Dev\Service_Manager\modules\gui\Do_khoang_cach_kem_camera_v5.py", line 535, in _rebuild_anchor_rows
[12:11:01]     ex, ey = board_to_plc(bx, by, self.coeffs)
[12:11:01]              ^^^^^^^^^^^^^^^^^^^^^^^^^^^^^^^^^
[12:11:01]   File "D:\Camera\Dev\Service_Manager\modules\gateway\bu_lech_board.py", line 95, in board_to_plc
[12:11:01]     X_PLC = coeffs["c0"] + coeffs["c1"] * x + coeffs["c2"] * y + coeffs["c3"] * x * y
[12:11:01]             ~~~~~~^^^^^^
[12:11:01] KeyError: 'c0'
[12:11:03] Traceback (most recent call last):
[12:11:03]   File "D:\Camera\Dev\Service_Manager\modules\gui\Do_khoang_cach_kem_camera_v5.py", line 524, in load_calibration
[12:11:03]     self._rebuild_anchor_rows()
[12:11:03]   File "D:\Camera\Dev\Service_Manager\modules\gui\Do_khoang_cach_kem_camera_v5.py", line 535, in _rebuild_anchor_rows
[12:11:03]     ex, ey = board_to_plc(bx, by, self.coeffs)
[12:11:03]              ^^^^^^^^^^^^^^^^^^^^^^^^^^^^^^^^^
[12:11:03]   File "D:\Camera\Dev\Service_Manager\modules\gateway\bu_lech_board.py", line 95, in board_to_plc
[12:11:03]     X_PLC = coeffs["c0"] + coeffs["c1"] * x + coeffs["c2"] * y + coeffs["c3"] * x * y
[12:11:03]             ~~~~~~^^^^^^
[12:11:03] KeyError: 'c0'
[12:11:05] Traceback (most recent call last):
[12:11:05]   File "D:\Camera\Dev\Service_Manager\modules\gui\Do_khoang_cach_kem_camera_v5.py", line 524, in load_calibration
[12:11:05]     self._rebuild_anchor_rows()
[12:11:05]   File "D:\Camera\Dev\Service_Manager\modules\gui\Do_khoang_cach_kem_camera_v5.py", line 535, in _rebuild_anchor_rows
[12:11:05]     ex, ey = board_to_plc(bx, by, self.coeffs)
[12:11:05]              ^^^^^^^^^^^^^^^^^^^^^^^^^^^^^^^^^
[12:11:05]   File "D:\Camera\Dev\Service_Manager\modules\gateway\bu_lech_board.py", line 95, in board_to_plc
[12:11:05]     X_PLC = coeffs["c0"] + coeffs["c1"] * x + coeffs["c2"] * y + coeffs["c3"] * x * y
[12:11:05]             ~~~~~~^^^^^^
[12:11:05] KeyError: 'c0'
[12:22:16] Traceback (most recent call last):
[12:22:16]   File "D:\Camera\Dev\Service_Manager\modules\gui\Do_khoang_cach_kem_camera_v5.py", line 509, in _browse_calib_path
[12:22:16]     self.load_calibration()
[12:22:16]   File "D:\Camera\Dev\Service_Manager\modules\gui\Do_khoang_cach_kem_camera_v5.py", line 524, in load_calibration
[12:22:16]     self._rebuild_anchor_rows()
[12:22:16]   File "D:\Camera\Dev\Service_Manager\modules\gui\Do_khoang_cach_kem_camera_v5.py", line 535, in _rebuild_anchor_rows
[12:22:16]     ex, ey = board_to_plc(bx, by, self.coeffs)
[12:22:16]              ^^^^^^^^^^^^^^^^^^^^^^^^^^^^^^^^^
[12:22:16]   File "D:\Camera\Dev\Service_Manager\modules\gateway\bu_lech_board.py", line 95, in board_to_plc
[12:22:16]     X_PLC = coeffs["c0"] + coeffs["c1"] * x + coeffs["c2"] * y + coeffs["c3"] * x * y
[12:22:16]             ~~~~~~^^^^^^
[12:22:16] KeyError: 'c0'
[12:22:21] Traceback (most recent call last):
[12:22:21]   File "D:\Camera\Dev\Service_Manager\modules\gui\Do_khoang_cach_kem_camera_v5.py", line 524, in load_calibration
[12:22:21]     self._rebuild_anchor_rows()
[12:22:21]   File "D:\Camera\Dev\Service_Manager\modules\gui\Do_khoang_cach_kem_camera_v5.py", line 535, in _rebuild_anchor_rows
[12:22:21]     ex, ey = board_to_plc(bx, by, self.coeffs)
[12:22:21]              ^^^^^^^^^^^^^^^^^^^^^^^^^^^^^^^^^
[12:22:21]   File "D:\Camera\Dev\Service_Manager\modules\gateway\bu_lech_board.py", line 95, in board_to_plc
[12:22:21]     X_PLC = coeffs["c0"] + coeffs["c1"] * x + coeffs["c2"] * y + coeffs["c3"] * x * y
[12:22:21]             ~~~~~~^^^^^^
[12:22:21] KeyError: 'c0'
[12:23:41] ### TIEN TRINH TU THOAT (exit code 0)
[12:23:42] ==============================================================================
[12:23:42] ### PHIEN MOI luc 2026-08-25 12:23:42
[12:23:42] ### run_mode = script (target: D:\Camera\Dev\Service_Manager\modules\gui\Do_khoang_cach_kem_camera_v7.py)
[12:23:42] ### KHOI DONG: D:\Camera\Dev\Camera_venv\Scripts\python.exe -u D:\Camera\Dev\Service_Manager\modules\gui\Do_khoang_cach_kem_camera_v7.py
[12:23:42] ### Thu muc lam viec: D:\Camera\Dev\Service_Manager\modules\gui
[12:23:42] ### PID = 37740
[13:19:32] Traceback (most recent call last):
[13:19:32]   File "D:\Camera\Dev\Service_Manager\modules\gui\Do_khoang_cach_kem_camera_v5.py", line 509, in _browse_calib_path
[13:19:32]     self.load_calibration()
[13:19:32]   File "D:\Camera\Dev\Service_Manager\modules\gui\Do_khoang_cach_kem_camera_v5.py", line 524, in load_calibration
[13:19:32]     self._rebuild_anchor_rows()
[13:19:32]   File "D:\Camera\Dev\Service_Manager\modules\gui\Do_khoang_cach_kem_camera_v5.py", line 535, in _rebuild_anchor_rows
[13:19:32]     ex, ey = board_to_plc(bx, by, self.coeffs)
[13:19:32]              ^^^^^^^^^^^^^^^^^^^^^^^^^^^^^^^^^
[13:19:32]   File "D:\Camera\Dev\Service_Manager\modules\gateway\bu_lech_board.py", line 95, in board_to_plc
[13:19:32]     X_PLC = coeffs["c0"] + coeffs["c1"] * x + coeffs["c2"] * y + coeffs["c3"] * x * y
[13:19:32]             ~~~~~~^^^^^^
[13:19:32] KeyError: 'c0'
[13:19:54] Traceback (most recent call last):
[13:19:54]   File "D:\Camera\Dev\Service_Manager\modules\gui\Do_khoang_cach_kem_camera_v5.py", line 509, in _browse_calib_path
[13:19:54]     self.load_calibration()
[13:19:54]   File "D:\Camera\Dev\Service_Manager\modules\gui\Do_khoang_cach_kem_camera_v5.py", line 524, in load_calibration
[13:19:54]     self._rebuild_anchor_rows()
[13:19:54]   File "D:\Camera\Dev\Service_Manager\modules\gui\Do_khoang_cach_kem_camera_v5.py", line 535, in _rebuild_anchor_rows
[13:19:54]     ex, ey = board_to_plc(bx, by, self.coeffs)
[13:19:54]              ^^^^^^^^^^^^^^^^^^^^^^^^^^^^^^^^^
[13:19:54]   File "D:\Camera\Dev\Service_Manager\modules\gateway\bu_lech_board.py", line 95, in board_to_plc
[13:19:54]     X_PLC = coeffs["c0"] + coeffs["c1"] * x + coeffs["c2"] * y + coeffs["c3"] * x * y
[13:19:54]             ~~~~~~^^^^^^
[13:19:54] KeyError: 'c0'
[13:20:08] Traceback (most recent call last):
[13:20:08]   File "D:\Camera\Dev\Service_Manager\modules\gui\Do_khoang_cach_kem_camera_v5.py", line 524, in load_calibration
[13:20:08]     self._rebuild_anchor_rows()
[13:20:08]   File "D:\Camera\Dev\Service_Manager\modules\gui\Do_khoang_cach_kem_camera_v5.py", line 535, in _rebuild_anchor_rows
[13:20:08]     ex, ey = board_to_plc(bx, by, self.coeffs)
[13:20:08]              ^^^^^^^^^^^^^^^^^^^^^^^^^^^^^^^^^
[13:20:08]   File "D:\Camera\Dev\Service_Manager\modules\gateway\bu_lech_board.py", line 95, in board_to_plc
[13:20:08]     X_PLC = coeffs["c0"] + coeffs["c1"] * x + coeffs["c2"] * y + coeffs["c3"] * x * y
[13:20:08]             ~~~~~~^^^^^^
[13:20:08] KeyError: 'c0'
[13:29:36] ### TIEN TRINH TU THOAT (exit code 0)
[13:29:43] ==============================================================================
[13:29:43] ### PHIEN MOI luc 2026-08-25 13:29:43
[13:29:43] ### run_mode = script (target: D:\Camera\Dev\Service_Manager\modules\gui\Do_khoang_cach_kem_camera_v7.py)
[13:29:43] ### KHOI DONG: D:\Camera\Dev\Camera_venv\Scripts\python.exe -u D:\Camera\Dev\Service_Manager\modules\gui\Do_khoang_cach_kem_camera_v7.py
[13:29:43] ### Thu muc lam viec: D:\Camera\Dev\Service_Manager\modules\gui
[13:29:43] ### PID = 21048
[13:57:28] ### TIEN TRINH TU THOAT (exit code 0)
[14:28:51] ==============================================================================
[14:28:51] ### PHIEN MOI luc 2026-08-25 14:28:51
[14:28:51] ### run_mode = script (target: D:\Camera\Dev\Service_Manager\modules\gui\Do_khoang_cach_kem_camera_v7.py)
[14:28:51] ### KHOI DONG: D:\Camera\Dev\Camera_venv\Scripts\python.exe -u D:\Camera\Dev\Service_Manager\modules\gui\Do_khoang_cach_kem_camera_v7.py
[14:28:51] ### Thu muc lam viec: D:\Camera\Dev\Service_Manager\modules\gui
[14:28:51] ### PID = 48864
[14:40:32] ### THOAT BAT THUONG (exit code 3221226505)
[14:40:40] ==============================================================================
[14:40:40] ### PHIEN MOI luc 2026-08-25 14:40:40
[14:40:40] ### run_mode = script (target: D:\Camera\Dev\Service_Manager\modules\gui\Do_khoang_cach_kem_camera_v7.py)
[14:40:40] ### KHOI DONG: D:\Camera\Dev\Camera_venv\Scripts\python.exe -u D:\Camera\Dev\Service_Manager\modules\gui\Do_khoang_cach_kem_camera_v7.py
[14:40:40] ### Thu muc lam viec: D:\Camera\Dev\Service_Manager\modules\gui
[14:40:40] ### PID = 29916
[14:40:46] [ WARN:0@6.387] global cap_msmf.cpp:477 `anonymous-namespace'::SourceReaderCB::OnReadSample videoio(MSMF): OnReadSample() is called with error status: -1072875772
[14:40:46] [ WARN:0@6.391] global cap_msmf.cpp:488 `anonymous-namespace'::SourceReaderCB::OnReadSample videoio(MSMF): async ReadSample() call is failed with error status: -1072875772
[14:40:46] [ WARN:1@6.391] global cap_msmf.cpp:1815 CvCapture_MSMF::grabFrame videoio(MSMF): can't grab frame. Error: -1072875772
[14:40:47] [ WARN:1@6.507] global cap_msmf.cpp:1815 CvCapture_MSMF::grabFrame videoio(MSMF): can't grab frame. Error: -1072875772
[14:40:47] [ WARN:1@6.614] global cap_msmf.cpp:1815 CvCapture_MSMF::grabFrame videoio(MSMF): can't grab frame. Error: -1072875772
[14:40:47] [ WARN:1@6.724] global cap_msmf.cpp:1815 CvCapture_MSMF::grabFrame videoio(MSMF): can't grab frame. Error: -1072875772
[14:40:47] [ WARN:1@6.833] global cap_msmf.cpp:1815 CvCapture_MSMF::grabFrame videoio(MSMF): can't grab frame. Error: -1072875772
[14:40:47] [ WARN:1@6.941] global cap_msmf.cpp:1815 CvCapture_MSMF::grabFrame videoio(MSMF): can't grab frame. Error: -1072875772
[14:40:47] [ WARN:1@7.050] global cap_msmf.cpp:1815 CvCapture_MSMF::grabFrame videoio(MSMF): can't grab frame. Error: -1072875772
[14:40:47] [ WARN:1@7.159] global cap_msmf.cpp:1815 CvCapture_MSMF::grabFrame videoio(MSMF): can't grab frame. Error: -1072875772
[14:40:47] [ WARN:1@7.268] global cap_msmf.cpp:1815 CvCapture_MSMF::grabFrame videoio(MSMF): can't grab frame. Error: -1072875772
[14:40:47] [ WARN:1@7.377] global cap_msmf.cpp:1815 CvCapture_MSMF::grabFrame videoio(MSMF): can't grab frame. Error: -1072875772
[14:40:48] [ WARN:1@7.486] global cap_msmf.cpp:1815 CvCapture_MSMF::grabFrame videoio(MSMF): can't grab frame. Error: -1072875772
[14:40:48] [ WARN:1@7.593] global cap_msmf.cpp:1815 CvCapture_MSMF::grabFrame videoio(MSMF): can't grab frame. Error: -1072875772
[14:40:48] [ WARN:1@7.702] global cap_msmf.cpp:1815 CvCapture_MSMF::grabFrame videoio(MSMF): can't grab frame. Error: -1072875772
[14:40:48] [ WARN:1@7.811] global cap_msmf.cpp:1815 CvCapture_MSMF::grabFrame videoio(MSMF): can't grab frame. Error: -1072875772
[14:40:48] [ WARN:1@7.920] global cap_msmf.cpp:1815 CvCapture_MSMF::grabFrame videoio(MSMF): can't grab frame. Error: -1072875772
[14:40:48] [ WARN:1@8.029] global cap_msmf.cpp:1815 CvCapture_MSMF::grabFrame videoio(MSMF): can't grab frame. Error: -1072875772
[14:40:48] [ WARN:1@8.138] global cap_msmf.cpp:1815 CvCapture_MSMF::grabFrame videoio(MSMF): can't grab frame. Error: -1072875772
[14:40:48] [ WARN:1@8.248] global cap_msmf.cpp:1815 CvCapture_MSMF::grabFrame videoio(MSMF): can't grab frame. Error: -1072875772
[14:40:48] [ WARN:1@8.356] global cap_msmf.cpp:1815 CvCapture_MSMF::grabFrame videoio(MSMF): can't grab frame. Error: -1072875772
[14:40:49] [ WARN:1@8.464] global cap_msmf.cpp:1815 CvCapture_MSMF::grabFrame videoio(MSMF): can't grab frame. Error: -1072875772
[14:40:49] [ WARN:1@8.574] global cap_msmf.cpp:1815 CvCapture_MSMF::grabFrame videoio(MSMF): can't grab frame. Error: -1072875772
[14:40:49] [ WARN:1@8.683] global cap_msmf.cpp:1815 CvCapture_MSMF::grabFrame videoio(MSMF): can't grab frame. Error: -1072875772
[14:40:49] [ WARN:1@8.791] global cap_msmf.cpp:1815 CvCapture_MSMF::grabFrame videoio(MSMF): can't grab frame. Error: -1072875772
[14:40:49] [ WARN:1@8.900] global cap_msmf.cpp:1815 CvCapture_MSMF::grabFrame videoio(MSMF): can't grab frame. Error: -1072875772
[14:40:49] [ WARN:1@9.010] global cap_msmf.cpp:1815 CvCapture_MSMF::grabFrame videoio(MSMF): can't grab frame. Error: -1072875772
[14:40:49] [ WARN:1@9.117] global cap_msmf.cpp:1815 CvCapture_MSMF::grabFrame videoio(MSMF): can't grab frame. Error: -1072875772
[14:40:49] [ WARN:1@9.226] global cap_msmf.cpp:1815 CvCapture_MSMF::grabFrame videoio(MSMF): can't grab frame. Error: -1072875772
[14:40:49] [ WARN:1@9.337] global cap_msmf.cpp:1815 CvCapture_MSMF::grabFrame videoio(MSMF): can't grab frame. Error: -1072875772
[14:40:50] [ WARN:1@9.445] global cap_msmf.cpp:1815 CvCapture_MSMF::grabFrame videoio(MSMF): can't grab frame. Error: -1072875772
[14:40:50] [ WARN:1@9.553] global cap_msmf.cpp:1815 CvCapture_MSMF::grabFrame videoio(MSMF): can't grab frame. Error: -1072875772
[14:40:50] [ WARN:1@9.663] global cap_msmf.cpp:1815 CvCapture_MSMF::grabFrame videoio(MSMF): can't grab frame. Error: -1072875772
[14:40:50] [ WARN:1@9.771] global cap_msmf.cpp:1815 CvCapture_MSMF::grabFrame videoio(MSMF): can't grab frame. Error: -1072875772
[14:40:50] [ WARN:1@9.878] global cap_msmf.cpp:1815 CvCapture_MSMF::grabFrame videoio(MSMF): can't grab frame. Error: -1072875772
[14:40:50] [ WARN:1@9.988] global cap_msmf.cpp:1815 CvCapture_MSMF::grabFrame videoio(MSMF): can't grab frame. Error: -1072875772
[14:40:50] [ WARN:1@10.098] global cap_msmf.cpp:1815 CvCapture_MSMF::grabFrame videoio(MSMF): can't grab frame. Error: -1072875772
[14:40:50] [ WARN:1@10.209] global cap_msmf.cpp:1815 CvCapture_MSMF::grabFrame videoio(MSMF): can't grab frame. Error: -1072875772
[14:40:50] [ WARN:1@10.318] global cap_msmf.cpp:1815 CvCapture_MSMF::grabFrame videoio(MSMF): can't grab frame. Error: -1072875772
[14:40:50] [ WARN:1@10.426] global cap_msmf.cpp:1815 CvCapture_MSMF::grabFrame videoio(MSMF): can't grab frame. Error: -1072875772
[14:40:51] [ WARN:1@10.534] global cap_msmf.cpp:1815 CvCapture_MSMF::grabFrame videoio(MSMF): can't grab frame. Error: -1072875772
[14:40:51] [ WARN:1@10.643] global cap_msmf.cpp:1815 CvCapture_MSMF::grabFrame videoio(MSMF): can't grab frame. Error: -1072875772
[14:40:51] [ WARN:1@10.753] global cap_msmf.cpp:1815 CvCapture_MSMF::grabFrame videoio(MSMF): can't grab frame. Error: -1072875772
[14:40:51] [ WARN:1@10.862] global cap_msmf.cpp:1815 CvCapture_MSMF::grabFrame videoio(MSMF): can't grab frame. Error: -1072875772
[14:40:51] [ WARN:1@10.970] global cap_msmf.cpp:1815 CvCapture_MSMF::grabFrame videoio(MSMF): can't grab frame. Error: -1072875772
[14:40:51] [ WARN:1@11.081] global cap_msmf.cpp:1815 CvCapture_MSMF::grabFrame videoio(MSMF): can't grab frame. Error: -1072875772
[14:40:51] [ WARN:1@11.189] global cap_msmf.cpp:1815 CvCapture_MSMF::grabFrame videoio(MSMF): can't grab frame. Error: -1072875772
[14:40:51] [ WARN:1@11.297] global cap_msmf.cpp:1815 CvCapture_MSMF::grabFrame videoio(MSMF): can't grab frame. Error: -1072875772
[14:40:51] [ WARN:1@11.407] global cap_msmf.cpp:1815 CvCapture_MSMF::grabFrame videoio(MSMF): can't grab frame. Error: -1072875772
[14:40:52] [ WARN:1@11.515] global cap_msmf.cpp:1815 CvCapture_MSMF::grabFrame videoio(MSMF): can't grab frame. Error: -1072875772
[14:40:52] [ WARN:1@11.624] global cap_msmf.cpp:1815 CvCapture_MSMF::grabFrame videoio(MSMF): can't grab frame. Error: -1072875772
[14:40:52] [ WARN:1@11.734] global cap_msmf.cpp:1815 CvCapture_MSMF::grabFrame videoio(MSMF): can't grab frame. Error: -1072875772
[14:40:52] [ WARN:1@11.842] global cap_msmf.cpp:1815 CvCapture_MSMF::grabFrame videoio(MSMF): can't grab frame. Error: -1072875772
[14:40:52] [ WARN:1@11.951] global cap_msmf.cpp:1815 CvCapture_MSMF::grabFrame videoio(MSMF): can't grab frame. Error: -1072875772
[14:40:52] [ WARN:1@12.060] global cap_msmf.cpp:1815 CvCapture_MSMF::grabFrame videoio(MSMF): can't grab frame. Error: -1072875772
[14:40:52] [ WARN:1@12.168] global cap_msmf.cpp:1815 CvCapture_MSMF::grabFrame videoio(MSMF): can't grab frame. Error: -1072875772
[14:40:52] [ WARN:1@12.276] global cap_msmf.cpp:1815 CvCapture_MSMF::grabFrame videoio(MSMF): can't grab frame. Error: -1072875772
[14:40:52] [ WARN:1@12.385] global cap_msmf.cpp:1815 CvCapture_MSMF::grabFrame videoio(MSMF): can't grab frame. Error: -1072875772
[14:40:53] [ WARN:1@12.493] global cap_msmf.cpp:1815 CvCapture_MSMF::grabFrame videoio(MSMF): can't grab frame. Error: -1072875772
[14:40:53] [ WARN:1@12.602] global cap_msmf.cpp:1815 CvCapture_MSMF::grabFrame videoio(MSMF): can't grab frame. Error: -1072875772
[14:40:53] [ WARN:1@12.711] global cap_msmf.cpp:1815 CvCapture_MSMF::grabFrame videoio(MSMF): can't grab frame. Error: -1072875772
[14:40:53] [ WARN:1@12.820] global cap_msmf.cpp:1815 CvCapture_MSMF::grabFrame videoio(MSMF): can't grab frame. Error: -1072875772
[14:40:53] [ WARN:1@12.928] global cap_msmf.cpp:1815 CvCapture_MSMF::grabFrame videoio(MSMF): can't grab frame. Error: -1072875772
[14:40:53] [ WARN:1@13.038] global cap_msmf.cpp:1815 CvCapture_MSMF::grabFrame videoio(MSMF): can't grab frame. Error: -1072875772
[14:40:53] [ WARN:1@13.147] global cap_msmf.cpp:1815 CvCapture_MSMF::grabFrame videoio(MSMF): can't grab frame. Error: -1072875772
[14:40:53] [ WARN:1@13.255] global cap_msmf.cpp:1815 CvCapture_MSMF::grabFrame videoio(MSMF): can't grab frame. Error: -1072875772
[14:40:53] [ WARN:1@13.365] global cap_msmf.cpp:1815 CvCapture_MSMF::grabFrame videoio(MSMF): can't grab frame. Error: -1072875772
[14:40:54] [ WARN:1@13.473] global cap_msmf.cpp:1815 CvCapture_MSMF::grabFrame videoio(MSMF): can't grab frame. Error: -1072875772
[14:40:54] [ WARN:1@13.582] global cap_msmf.cpp:1815 CvCapture_MSMF::grabFrame videoio(MSMF): can't grab frame. Error: -1072875772
[14:40:54] [ WARN:1@13.691] global cap_msmf.cpp:1815 CvCapture_MSMF::grabFrame videoio(MSMF): can't grab frame. Error: -1072875772
[14:40:54] [ WARN:1@13.798] global cap_msmf.cpp:1815 CvCapture_MSMF::grabFrame videoio(MSMF): can't grab frame. Error: -1072875772
[14:40:54] [ WARN:1@13.907] global cap_msmf.cpp:1815 CvCapture_MSMF::grabFrame videoio(MSMF): can't grab frame. Error: -1072875772
[14:40:54] [ WARN:1@14.015] global cap_msmf.cpp:1815 CvCapture_MSMF::grabFrame videoio(MSMF): can't grab frame. Error: -1072875772
[14:40:54] [ WARN:1@14.122] global cap_msmf.cpp:1815 CvCapture_MSMF::grabFrame videoio(MSMF): can't grab frame. Error: -1072875772
[14:40:54] [ WARN:1@14.231] global cap_msmf.cpp:1815 CvCapture_MSMF::grabFrame videoio(MSMF): can't grab frame. Error: -1072875772
[14:40:54] [ WARN:1@14.339] global cap_msmf.cpp:1815 CvCapture_MSMF::grabFrame videoio(MSMF): can't grab frame. Error: -1072875772
[14:40:55] [ WARN:1@14.449] global cap_msmf.cpp:1815 CvCapture_MSMF::grabFrame videoio(MSMF): can't grab frame. Error: -1072875772
[14:40:55] [ WARN:1@14.556] global cap_msmf.cpp:1815 CvCapture_MSMF::grabFrame videoio(MSMF): can't grab frame. Error: -1072875772
[14:40:55] [ WARN:1@14.666] global cap_msmf.cpp:1815 CvCapture_MSMF::grabFrame videoio(MSMF): can't grab frame. Error: -1072875772
[14:40:55] [ WARN:1@14.776] global cap_msmf.cpp:1815 CvCapture_MSMF::grabFrame videoio(MSMF): can't grab frame. Error: -1072875772
[14:40:55] [ WARN:1@14.884] global cap_msmf.cpp:1815 CvCapture_MSMF::grabFrame videoio(MSMF): can't grab frame. Error: -1072875772
[14:40:55] [ WARN:1@14.993] global cap_msmf.cpp:1815 CvCapture_MSMF::grabFrame videoio(MSMF): can't grab frame. Error: -1072875772
[14:40:55] [ WARN:1@15.103] global cap_msmf.cpp:1815 CvCapture_MSMF::grabFrame videoio(MSMF): can't grab frame. Error: -1072875772
[14:40:55] [ WARN:1@15.212] global cap_msmf.cpp:1815 CvCapture_MSMF::grabFrame videoio(MSMF): can't grab frame. Error: -1072875772
[14:40:55] [ WARN:1@15.321] global cap_msmf.cpp:1815 CvCapture_MSMF::grabFrame videoio(MSMF): can't grab frame. Error: -1072875772
[14:40:55] [ WARN:1@15.430] global cap_msmf.cpp:1815 CvCapture_MSMF::grabFrame videoio(MSMF): can't grab frame. Error: -1072875772
[14:40:56] [ WARN:1@15.539] global cap_msmf.cpp:1815 CvCapture_MSMF::grabFrame videoio(MSMF): can't grab frame. Error: -1072875772
[14:40:56] [ WARN:1@15.649] global cap_msmf.cpp:1815 CvCapture_MSMF::grabFrame videoio(MSMF): can't grab frame. Error: -1072875772
[14:40:56] [ WARN:1@15.758] global cap_msmf.cpp:1815 CvCapture_MSMF::grabFrame videoio(MSMF): can't grab frame. Error: -1072875772
[14:40:56] [ WARN:1@15.867] global cap_msmf.cpp:1815 CvCapture_MSMF::grabFrame videoio(MSMF): can't grab frame. Error: -1072875772
[14:40:56] [ WARN:1@15.977] global cap_msmf.cpp:1815 CvCapture_MSMF::grabFrame videoio(MSMF): can't grab frame. Error: -1072875772
[14:40:56] [ WARN:1@16.085] global cap_msmf.cpp:1815 CvCapture_MSMF::grabFrame videoio(MSMF): can't grab frame. Error: -1072875772
[14:40:56] [ WARN:1@16.195] global cap_msmf.cpp:1815 CvCapture_MSMF::grabFrame videoio(MSMF): can't grab frame. Error: -1072875772
[14:40:56] [ WARN:1@16.305] global cap_msmf.cpp:1815 CvCapture_MSMF::grabFrame videoio(MSMF): can't grab frame. Error: -1072875772
[14:40:56] [ WARN:1@16.414] global cap_msmf.cpp:1815 CvCapture_MSMF::grabFrame videoio(MSMF): can't grab frame. Error: -1072875772
[14:40:57] [ WARN:1@16.522] global cap_msmf.cpp:1815 CvCapture_MSMF::grabFrame videoio(MSMF): can't grab frame. Error: -1072875772
[14:40:57] [ WARN:1@16.631] global cap_msmf.cpp:1815 CvCapture_MSMF::grabFrame videoio(MSMF): can't grab frame. Error: -1072875772
[14:40:57] [ WARN:1@16.742] global cap_msmf.cpp:1815 CvCapture_MSMF::grabFrame videoio(MSMF): can't grab frame. Error: -1072875772
[14:40:57] [ WARN:1@16.852] global cap_msmf.cpp:1815 CvCapture_MSMF::grabFrame videoio(MSMF): can't grab frame. Error: -1072875772
[14:40:57] [ WARN:1@16.962] global cap_msmf.cpp:1815 CvCapture_MSMF::grabFrame videoio(MSMF): can't grab frame. Error: -1072875772
[14:40:57] [ WARN:1@17.071] global cap_msmf.cpp:1815 CvCapture_MSMF::grabFrame videoio(MSMF): can't grab frame. Error: -1072875772
[14:40:57] [ WARN:1@17.180] global cap_msmf.cpp:1815 CvCapture_MSMF::grabFrame videoio(MSMF): can't grab frame. Error: -1072875772
[14:40:57] [ WARN:1@17.289] global cap_msmf.cpp:1815 CvCapture_MSMF::grabFrame videoio(MSMF): can't grab frame. Error: -1072875772
[14:40:57] [ WARN:1@17.398] global cap_msmf.cpp:1815 CvCapture_MSMF::grabFrame videoio(MSMF): can't grab frame. Error: -1072875772
[14:40:58] [ WARN:1@17.507] global cap_msmf.cpp:1815 CvCapture_MSMF::grabFrame videoio(MSMF): can't grab frame. Error: -1072875772
[14:40:58] [ WARN:1@17.616] global cap_msmf.cpp:1815 CvCapture_MSMF::grabFrame videoio(MSMF): can't grab frame. Error: -1072875772
[14:40:58] [ WARN:1@17.723] global cap_msmf.cpp:1815 CvCapture_MSMF::grabFrame videoio(MSMF): can't grab frame. Error: -1072875772
[14:40:58] [ WARN:1@17.832] global cap_msmf.cpp:1815 CvCapture_MSMF::grabFrame videoio(MSMF): can't grab frame. Error: -1072875772
[14:40:58] [ WARN:1@17.940] global cap_msmf.cpp:1815 CvCapture_MSMF::grabFrame videoio(MSMF): can't grab frame. Error: -1072875772
[14:40:58] [ WARN:1@18.050] global cap_msmf.cpp:1815 CvCapture_MSMF::grabFrame videoio(MSMF): can't grab frame. Error: -1072875772
[14:40:58] [ WARN:1@18.159] global cap_msmf.cpp:1815 CvCapture_MSMF::grabFrame videoio(MSMF): can't grab frame. Error: -1072875772
[14:40:58] [ WARN:1@18.269] global cap_msmf.cpp:1815 CvCapture_MSMF::grabFrame videoio(MSMF): can't grab frame. Error: -1072875772
[14:40:58] [ WARN:1@18.377] global cap_msmf.cpp:1815 CvCapture_MSMF::grabFrame videoio(MSMF): can't grab frame. Error: -1072875772
[14:40:59] [ WARN:1@18.487] global cap_msmf.cpp:1815 CvCapture_MSMF::grabFrame videoio(MSMF): can't grab frame. Error: -1072875772
[14:40:59] [ WARN:1@18.595] global cap_msmf.cpp:1815 CvCapture_MSMF::grabFrame videoio(MSMF): can't grab frame. Error: -1072875772
[14:40:59] [ WARN:1@18.706] global cap_msmf.cpp:1815 CvCapture_MSMF::grabFrame videoio(MSMF): can't grab frame. Error: -1072875772
[14:40:59] [ WARN:1@18.813] global cap_msmf.cpp:1815 CvCapture_MSMF::grabFrame videoio(MSMF): can't grab frame. Error: -1072875772
[14:40:59] [ WARN:1@18.921] global cap_msmf.cpp:1815 CvCapture_MSMF::grabFrame videoio(MSMF): can't grab frame. Error: -1072875772
[14:40:59] [ WARN:1@19.031] global cap_msmf.cpp:1815 CvCapture_MSMF::grabFrame videoio(MSMF): can't grab frame. Error: -1072875772
[14:40:59] [ WARN:1@19.140] global cap_msmf.cpp:1815 CvCapture_MSMF::grabFrame videoio(MSMF): can't grab frame. Error: -1072875772
[14:40:59] [ WARN:1@19.248] global cap_msmf.cpp:1815 CvCapture_MSMF::grabFrame videoio(MSMF): can't grab frame. Error: -1072875772
[14:40:59] [ WARN:1@19.357] global cap_msmf.cpp:1815 CvCapture_MSMF::grabFrame videoio(MSMF): can't grab frame. Error: -1072875772
[14:41:00] [ WARN:1@19.466] global cap_msmf.cpp:1815 CvCapture_MSMF::grabFrame videoio(MSMF): can't grab frame. Error: -1072875772
[14:41:00] [ WARN:1@19.576] global cap_msmf.cpp:1815 CvCapture_MSMF::grabFrame videoio(MSMF): can't grab frame. Error: -1072875772
[14:41:00] [ WARN:1@19.684] global cap_msmf.cpp:1815 CvCapture_MSMF::grabFrame videoio(MSMF): can't grab frame. Error: -1072875772
[14:41:00] [ WARN:1@19.793] global cap_msmf.cpp:1815 CvCapture_MSMF::grabFrame videoio(MSMF): can't grab frame. Error: -1072875772
[14:41:00] [ WARN:1@19.902] global cap_msmf.cpp:1815 CvCapture_MSMF::grabFrame videoio(MSMF): can't grab frame. Error: -1072875772
[14:41:00] [ WARN:1@20.012] global cap_msmf.cpp:1815 CvCapture_MSMF::grabFrame videoio(MSMF): can't grab frame. Error: -1072875772
[14:41:00] [ WARN:1@20.122] global cap_msmf.cpp:1815 CvCapture_MSMF::grabFrame videoio(MSMF): can't grab frame. Error: -1072875772
[14:41:00] [ WARN:1@20.233] global cap_msmf.cpp:1815 CvCapture_MSMF::grabFrame videoio(MSMF): can't grab frame. Error: -1072875772
[14:41:00] [ WARN:1@20.344] global cap_msmf.cpp:1815 CvCapture_MSMF::grabFrame videoio(MSMF): can't grab frame. Error: -1072875772
[14:41:01] [ WARN:1@20.454] global cap_msmf.cpp:1815 CvCapture_MSMF::grabFrame videoio(MSMF): can't grab frame. Error: -1072875772
[14:41:01] [ WARN:1@20.563] global cap_msmf.cpp:1815 CvCapture_MSMF::grabFrame videoio(MSMF): can't grab frame. Error: -1072875772
[14:41:01] [ WARN:1@20.673] global cap_msmf.cpp:1815 CvCapture_MSMF::grabFrame videoio(MSMF): can't grab frame. Error: -1072875772
[14:41:01] [ WARN:1@20.783] global cap_msmf.cpp:1815 CvCapture_MSMF::grabFrame videoio(MSMF): can't grab frame. Error: -1072875772
[14:41:01] [ WARN:1@20.892] global cap_msmf.cpp:1815 CvCapture_MSMF::grabFrame videoio(MSMF): can't grab frame. Error: -1072875772
[14:41:01] [ WARN:1@21.002] global cap_msmf.cpp:1815 CvCapture_MSMF::grabFrame videoio(MSMF): can't grab frame. Error: -1072875772
[14:41:01] [ WARN:1@21.114] global cap_msmf.cpp:1815 CvCapture_MSMF::grabFrame videoio(MSMF): can't grab frame. Error: -1072875772
[14:41:01] [ WARN:1@21.225] global cap_msmf.cpp:1815 CvCapture_MSMF::grabFrame videoio(MSMF): can't grab frame. Error: -1072875772
[14:41:01] [ WARN:1@21.335] global cap_msmf.cpp:1815 CvCapture_MSMF::grabFrame videoio(MSMF): can't grab frame. Error: -1072875772
[14:41:02] [ WARN:1@21.445] global cap_msmf.cpp:1815 CvCapture_MSMF::grabFrame videoio(MSMF): can't grab frame. Error: -1072875772
[14:41:02] [ WARN:1@21.554] global cap_msmf.cpp:1815 CvCapture_MSMF::grabFrame videoio(MSMF): can't grab frame. Error: -1072875772
[14:41:02] [ WARN:1@21.665] global cap_msmf.cpp:1815 CvCapture_MSMF::grabFrame videoio(MSMF): can't grab frame. Error: -1072875772
[14:41:02] [ WARN:1@21.773] global cap_msmf.cpp:1815 CvCapture_MSMF::grabFrame videoio(MSMF): can't grab frame. Error: -1072875772
[14:41:02] [ WARN:1@21.881] global cap_msmf.cpp:1815 CvCapture_MSMF::grabFrame videoio(MSMF): can't grab frame. Error: -1072875772
[14:41:02] [ WARN:1@21.990] global cap_msmf.cpp:1815 CvCapture_MSMF::grabFrame videoio(MSMF): can't grab frame. Error: -1072875772
[14:41:02] [ WARN:1@22.099] global cap_msmf.cpp:1815 CvCapture_MSMF::grabFrame videoio(MSMF): can't grab frame. Error: -1072875772
[14:41:02] [ WARN:1@22.207] global cap_msmf.cpp:1815 CvCapture_MSMF::grabFrame videoio(MSMF): can't grab frame. Error: -1072875772
[14:41:02] [ WARN:1@22.316] global cap_msmf.cpp:1815 CvCapture_MSMF::grabFrame videoio(MSMF): can't grab frame. Error: -1072875772
[14:41:02] [ WARN:1@22.425] global cap_msmf.cpp:1815 CvCapture_MSMF::grabFrame videoio(MSMF): can't grab frame. Error: -1072875772
[14:41:03] [ WARN:1@22.535] global cap_msmf.cpp:1815 CvCapture_MSMF::grabFrame videoio(MSMF): can't grab frame. Error: -1072875772
[14:41:03] [ WARN:1@22.643] global cap_msmf.cpp:1815 CvCapture_MSMF::grabFrame videoio(MSMF): can't grab frame. Error: -1072875772
[14:41:03] [ WARN:1@22.751] global cap_msmf.cpp:1815 CvCapture_MSMF::grabFrame videoio(MSMF): can't grab frame. Error: -1072875772
[14:41:03] [ WARN:1@22.861] global cap_msmf.cpp:1815 CvCapture_MSMF::grabFrame videoio(MSMF): can't grab frame. Error: -1072875772
[14:41:03] [ WARN:1@22.972] global cap_msmf.cpp:1815 CvCapture_MSMF::grabFrame videoio(MSMF): can't grab frame. Error: -1072875772
[14:41:03] [ WARN:1@23.080] global cap_msmf.cpp:1815 CvCapture_MSMF::grabFrame videoio(MSMF): can't grab frame. Error: -1072875772
[14:41:03] [ WARN:1@23.188] global cap_msmf.cpp:1815 CvCapture_MSMF::grabFrame videoio(MSMF): can't grab frame. Error: -1072875772
[14:41:03] [ WARN:1@23.297] global cap_msmf.cpp:1815 CvCapture_MSMF::grabFrame videoio(MSMF): can't grab frame. Error: -1072875772
[14:41:03] [ WARN:1@23.406] global cap_msmf.cpp:1815 CvCapture_MSMF::grabFrame videoio(MSMF): can't grab frame. Error: -1072875772
[14:41:04] [ WARN:1@23.513] global cap_msmf.cpp:1815 CvCapture_MSMF::grabFrame videoio(MSMF): can't grab frame. Error: -1072875772
[14:41:04] [ WARN:1@23.623] global cap_msmf.cpp:1815 CvCapture_MSMF::grabFrame videoio(MSMF): can't grab frame. Error: -1072875772
[14:41:04] [ WARN:1@23.731] global cap_msmf.cpp:1815 CvCapture_MSMF::grabFrame videoio(MSMF): can't grab frame. Error: -1072875772
[14:41:04] [ WARN:1@23.842] global cap_msmf.cpp:1815 CvCapture_MSMF::grabFrame videoio(MSMF): can't grab frame. Error: -1072875772
[14:41:04] [ WARN:1@23.951] global cap_msmf.cpp:1815 CvCapture_MSMF::grabFrame videoio(MSMF): can't grab frame. Error: -1072875772
[14:41:04] [ WARN:1@24.059] global cap_msmf.cpp:1815 CvCapture_MSMF::grabFrame videoio(MSMF): can't grab frame. Error: -1072875772
[14:41:04] [ WARN:1@24.168] global cap_msmf.cpp:1815 CvCapture_MSMF::grabFrame videoio(MSMF): can't grab frame. Error: -1072875772
[14:41:04] [ WARN:1@24.279] global cap_msmf.cpp:1815 CvCapture_MSMF::grabFrame videoio(MSMF): can't grab frame. Error: -1072875772
[14:41:04] [ WARN:1@24.389] global cap_msmf.cpp:1815 CvCapture_MSMF::grabFrame videoio(MSMF): can't grab frame. Error: -1072875772
[14:41:05] [ WARN:1@24.498] global cap_msmf.cpp:1815 CvCapture_MSMF::grabFrame videoio(MSMF): can't grab frame. Error: -1072875772
[14:41:05] [ WARN:1@24.606] global cap_msmf.cpp:1815 CvCapture_MSMF::grabFrame videoio(MSMF): can't grab frame. Error: -1072875772
[14:41:05] [ WARN:1@24.716] global cap_msmf.cpp:1815 CvCapture_MSMF::grabFrame videoio(MSMF): can't grab frame. Error: -1072875772
[14:41:05] [ WARN:1@24.823] global cap_msmf.cpp:1815 CvCapture_MSMF::grabFrame videoio(MSMF): can't grab frame. Error: -1072875772
[14:41:05] [ WARN:1@24.934] global cap_msmf.cpp:1815 CvCapture_MSMF::grabFrame videoio(MSMF): can't grab frame. Error: -1072875772
[14:41:05] [ WARN:1@25.043] global cap_msmf.cpp:1815 CvCapture_MSMF::grabFrame videoio(MSMF): can't grab frame. Error: -1072875772
[14:41:05] [ WARN:1@25.151] global cap_msmf.cpp:1815 CvCapture_MSMF::grabFrame videoio(MSMF): can't grab frame. Error: -1072875772
[14:41:05] [ WARN:1@25.260] global cap_msmf.cpp:1815 CvCapture_MSMF::grabFrame videoio(MSMF): can't grab frame. Error: -1072875772
[14:41:05] [ WARN:1@25.369] global cap_msmf.cpp:1815 CvCapture_MSMF::grabFrame videoio(MSMF): can't grab frame. Error: -1072875772
[14:41:06] [ WARN:1@25.478] global cap_msmf.cpp:1815 CvCapture_MSMF::grabFrame videoio(MSMF): can't grab frame. Error: -1072875772
[14:41:06] [ WARN:1@25.587] global cap_msmf.cpp:1815 CvCapture_MSMF::grabFrame videoio(MSMF): can't grab frame. Error: -1072875772
[14:41:06] [ WARN:1@25.696] global cap_msmf.cpp:1815 CvCapture_MSMF::grabFrame videoio(MSMF): can't grab frame. Error: -1072875772
[14:41:06] [ WARN:1@25.806] global cap_msmf.cpp:1815 CvCapture_MSMF::grabFrame videoio(MSMF): can't grab frame. Error: -1072875772
[14:41:06] [ WARN:1@25.915] global cap_msmf.cpp:1815 CvCapture_MSMF::grabFrame videoio(MSMF): can't grab frame. Error: -1072875772
[14:41:06] [ WARN:1@26.026] global cap_msmf.cpp:1815 CvCapture_MSMF::grabFrame videoio(MSMF): can't grab frame. Error: -1072875772
[14:41:06] [ WARN:1@26.136] global cap_msmf.cpp:1815 CvCapture_MSMF::grabFrame videoio(MSMF): can't grab frame. Error: -1072875772
[14:41:06] [ WARN:1@26.245] global cap_msmf.cpp:1815 CvCapture_MSMF::grabFrame videoio(MSMF): can't grab frame. Error: -1072875772
[14:41:06] [ WARN:1@26.355] global cap_msmf.cpp:1815 CvCapture_MSMF::grabFrame videoio(MSMF): can't grab frame. Error: -1072875772
[14:41:07] [ WARN:1@26.461] global cap_msmf.cpp:1815 CvCapture_MSMF::grabFrame videoio(MSMF): can't grab frame. Error: -1072875772
[14:41:07] [ WARN:1@26.572] global cap_msmf.cpp:1815 CvCapture_MSMF::grabFrame videoio(MSMF): can't grab frame. Error: -1072875772
[14:41:07] [ WARN:1@26.680] global cap_msmf.cpp:1815 CvCapture_MSMF::grabFrame videoio(MSMF): can't grab frame. Error: -1072875772
[14:41:07] [ WARN:1@26.791] global cap_msmf.cpp:1815 CvCapture_MSMF::grabFrame videoio(MSMF): can't grab frame. Error: -1072875772
[14:41:07] [ WARN:1@26.899] global cap_msmf.cpp:1815 CvCapture_MSMF::grabFrame videoio(MSMF): can't grab frame. Error: -1072875772
[14:41:07] [ WARN:1@27.019] global cap_msmf.cpp:1815 CvCapture_MSMF::grabFrame videoio(MSMF): can't grab frame. Error: -1072875772
[14:41:07] [ WARN:1@27.130] global cap_msmf.cpp:1815 CvCapture_MSMF::grabFrame videoio(MSMF): can't grab frame. Error: -1072875772
[14:41:07] [ WARN:1@27.237] global cap_msmf.cpp:1815 CvCapture_MSMF::grabFrame videoio(MSMF): can't grab frame. Error: -1072875772
[14:41:07] [ WARN:1@27.338] global cap_msmf.cpp:1815 CvCapture_MSMF::grabFrame videoio(MSMF): can't grab frame. Error: -1072875772
[14:41:08] [ WARN:1@27.441] global cap_msmf.cpp:1815 CvCapture_MSMF::grabFrame videoio(MSMF): can't grab frame. Error: -1072875772
[14:41:08] [ WARN:1@27.549] global cap_msmf.cpp:1815 CvCapture_MSMF::grabFrame videoio(MSMF): can't grab frame. Error: -1072875772
[14:41:08] [ WARN:1@27.660] global cap_msmf.cpp:1815 CvCapture_MSMF::grabFrame videoio(MSMF): can't grab frame. Error: -1072875772
[14:41:08] [ WARN:1@27.769] global cap_msmf.cpp:1815 CvCapture_MSMF::grabFrame videoio(MSMF): can't grab frame. Error: -1072875772
[14:41:08] [ WARN:1@27.888] global cap_msmf.cpp:1815 CvCapture_MSMF::grabFrame videoio(MSMF): can't grab frame. Error: -1072875772
[14:41:08] [ WARN:1@27.992] global cap_msmf.cpp:1815 CvCapture_MSMF::grabFrame videoio(MSMF): can't grab frame. Error: -1072875772
[14:41:08] [ WARN:1@28.108] global cap_msmf.cpp:1815 CvCapture_MSMF::grabFrame videoio(MSMF): can't grab frame. Error: -1072875772
[14:41:08] [ WARN:1@28.211] global cap_msmf.cpp:1815 CvCapture_MSMF::grabFrame videoio(MSMF): can't grab frame. Error: -1072875772
[14:41:08] [ WARN:1@28.326] global cap_msmf.cpp:1815 CvCapture_MSMF::grabFrame videoio(MSMF): can't grab frame. Error: -1072875772
[14:41:08] [ WARN:1@28.438] global cap_msmf.cpp:1815 CvCapture_MSMF::grabFrame videoio(MSMF): can't grab frame. Error: -1072875772
[14:41:09] [ WARN:1@28.549] global cap_msmf.cpp:1815 CvCapture_MSMF::grabFrame videoio(MSMF): can't grab frame. Error: -1072875772
[14:41:09] [ WARN:1@28.661] global cap_msmf.cpp:1815 CvCapture_MSMF::grabFrame videoio(MSMF): can't grab frame. Error: -1072875772
[14:41:09] [ WARN:1@28.771] global cap_msmf.cpp:1815 CvCapture_MSMF::grabFrame videoio(MSMF): can't grab frame. Error: -1072875772
[14:41:09] [ WARN:1@28.882] global cap_msmf.cpp:1815 CvCapture_MSMF::grabFrame videoio(MSMF): can't grab frame. Error: -1072875772
[14:41:09] [ WARN:1@28.993] global cap_msmf.cpp:1815 CvCapture_MSMF::grabFrame videoio(MSMF): can't grab frame. Error: -1072875772
[14:41:09] [ WARN:1@29.106] global cap_msmf.cpp:1815 CvCapture_MSMF::grabFrame videoio(MSMF): can't grab frame. Error: -1072875772
[14:41:09] [ WARN:1@29.217] global cap_msmf.cpp:1815 CvCapture_MSMF::grabFrame videoio(MSMF): can't grab frame. Error: -1072875772
[14:41:09] [ WARN:1@29.328] global cap_msmf.cpp:1815 CvCapture_MSMF::grabFrame videoio(MSMF): can't grab frame. Error: -1072875772
[14:41:10] [ WARN:1@29.441] global cap_msmf.cpp:1815 CvCapture_MSMF::grabFrame videoio(MSMF): can't grab frame. Error: -1072875772
[14:41:10] [ WARN:1@29.553] global cap_msmf.cpp:1815 CvCapture_MSMF::grabFrame videoio(MSMF): can't grab frame. Error: -1072875772
[14:41:10] [ WARN:1@29.665] global cap_msmf.cpp:1815 CvCapture_MSMF::grabFrame videoio(MSMF): can't grab frame. Error: -1072875772
[14:41:10] [ WARN:1@29.777] global cap_msmf.cpp:1815 CvCapture_MSMF::grabFrame videoio(MSMF): can't grab frame. Error: -1072875772
[14:41:10] [ WARN:1@29.901] global cap_msmf.cpp:1815 CvCapture_MSMF::grabFrame videoio(MSMF): can't grab frame. Error: -1072875772
[14:41:10] [ WARN:1@30.015] global cap_msmf.cpp:1815 CvCapture_MSMF::grabFrame videoio(MSMF): can't grab frame. Error: -1072875772
[14:41:10] [ WARN:1@30.126] global cap_msmf.cpp:1815 CvCapture_MSMF::grabFrame videoio(MSMF): can't grab frame. Error: -1072875772
[14:41:10] [ WARN:1@30.242] global cap_msmf.cpp:1815 CvCapture_MSMF::grabFrame videoio(MSMF): can't grab frame. Error: -1072875772
[14:41:10] [ WARN:1@30.344] global cap_msmf.cpp:1815 CvCapture_MSMF::grabFrame videoio(MSMF): can't grab frame. Error: -1072875772
[14:41:11] [ WARN:1@30.450] global cap_msmf.cpp:1815 CvCapture_MSMF::grabFrame videoio(MSMF): can't grab frame. Error: -1072875772
[14:41:11] [ WARN:1@30.561] global cap_msmf.cpp:1815 CvCapture_MSMF::grabFrame videoio(MSMF): can't grab frame. Error: -1072875772
[14:41:11] [ WARN:1@30.667] global cap_msmf.cpp:1815 CvCapture_MSMF::grabFrame videoio(MSMF): can't grab frame. Error: -1072875772
[14:41:11] [ WARN:1@30.776] global cap_msmf.cpp:1815 CvCapture_MSMF::grabFrame videoio(MSMF): can't grab frame. Error: -1072875772
[14:41:11] [ WARN:1@30.888] global cap_msmf.cpp:1815 CvCapture_MSMF::grabFrame videoio(MSMF): can't grab frame. Error: -1072875772
[14:41:11] [ WARN:1@31.001] global cap_msmf.cpp:1815 CvCapture_MSMF::grabFrame videoio(MSMF): can't grab frame. Error: -1072875772
[14:41:11] [ WARN:1@31.109] global cap_msmf.cpp:1815 CvCapture_MSMF::grabFrame videoio(MSMF): can't grab frame. Error: -1072875772
[14:41:11] [ WARN:1@31.214] global cap_msmf.cpp:1815 CvCapture_MSMF::grabFrame videoio(MSMF): can't grab frame. Error: -1072875772
[14:41:11] [ WARN:1@31.324] global cap_msmf.cpp:1815 CvCapture_MSMF::grabFrame videoio(MSMF): can't grab frame. Error: -1072875772
[14:41:11] [ WARN:1@31.430] global cap_msmf.cpp:1815 CvCapture_MSMF::grabFrame videoio(MSMF): can't grab frame. Error: -1072875772
[14:41:12] [ WARN:1@31.542] global cap_msmf.cpp:1815 CvCapture_MSMF::grabFrame videoio(MSMF): can't grab frame. Error: -1072875772
[14:41:12] [ WARN:1@31.654] global cap_msmf.cpp:1815 CvCapture_MSMF::grabFrame videoio(MSMF): can't grab frame. Error: -1072875772
[14:41:12] [ WARN:1@31.764] global cap_msmf.cpp:1815 CvCapture_MSMF::grabFrame videoio(MSMF): can't grab frame. Error: -1072875772
[14:41:12] [ WARN:1@31.867] global cap_msmf.cpp:1815 CvCapture_MSMF::grabFrame videoio(MSMF): can't grab frame. Error: -1072875772
[14:41:12] [ WARN:1@31.975] global cap_msmf.cpp:1815 CvCapture_MSMF::grabFrame videoio(MSMF): can't grab frame. Error: -1072875772
[14:41:12] [ WARN:1@32.087] global cap_msmf.cpp:1815 CvCapture_MSMF::grabFrame videoio(MSMF): can't grab frame. Error: -1072875772
[14:41:12] [ WARN:1@32.193] global cap_msmf.cpp:1815 CvCapture_MSMF::grabFrame videoio(MSMF): can't grab frame. Error: -1072875772
[14:41:12] [ WARN:1@32.305] global cap_msmf.cpp:1815 CvCapture_MSMF::grabFrame videoio(MSMF): can't grab frame. Error: -1072875772
[14:41:12] [ WARN:1@32.406] global cap_msmf.cpp:1815 CvCapture_MSMF::grabFrame videoio(MSMF): can't grab frame. Error: -1072875772
[14:41:13] [ WARN:1@32.513] global cap_msmf.cpp:1815 CvCapture_MSMF::grabFrame videoio(MSMF): can't grab frame. Error: -1072875772
[14:41:13] [ WARN:1@32.615] global cap_msmf.cpp:1815 CvCapture_MSMF::grabFrame videoio(MSMF): can't grab frame. Error: -1072875772
[14:41:13] [ WARN:1@32.727] global cap_msmf.cpp:1815 CvCapture_MSMF::grabFrame videoio(MSMF): can't grab frame. Error: -1072875772
[14:41:13] [ WARN:1@32.828] global cap_msmf.cpp:1815 CvCapture_MSMF::grabFrame videoio(MSMF): can't grab frame. Error: -1072875772
[14:41:13] [ WARN:1@32.943] global cap_msmf.cpp:1815 CvCapture_MSMF::grabFrame videoio(MSMF): can't grab frame. Error: -1072875772
[14:41:13] [ WARN:1@33.058] global cap_msmf.cpp:1815 CvCapture_MSMF::grabFrame videoio(MSMF): can't grab frame. Error: -1072875772
[14:41:13] [ WARN:1@33.163] global cap_msmf.cpp:1815 CvCapture_MSMF::grabFrame videoio(MSMF): can't grab frame. Error: -1072875772
[14:41:13] [ WARN:1@33.267] global cap_msmf.cpp:1815 CvCapture_MSMF::grabFrame videoio(MSMF): can't grab frame. Error: -1072875772
[14:41:13] [ WARN:1@33.371] global cap_msmf.cpp:1815 CvCapture_MSMF::grabFrame videoio(MSMF): can't grab frame. Error: -1072875772
[14:41:14] [ WARN:1@33.477] global cap_msmf.cpp:1815 CvCapture_MSMF::grabFrame videoio(MSMF): can't grab frame. Error: -1072875772
[14:41:14] [ WARN:1@33.589] global cap_msmf.cpp:1815 CvCapture_MSMF::grabFrame videoio(MSMF): can't grab frame. Error: -1072875772
[14:44:03] [ WARN:4@202.679] global cap_msmf.cpp:477 `anonymous-namespace'::SourceReaderCB::OnReadSample videoio(MSMF): OnReadSample() is called with error status: -1072875772
[14:44:03] [ WARN:4@202.679] global cap_msmf.cpp:488 `anonymous-namespace'::SourceReaderCB::OnReadSample videoio(MSMF): async ReadSample() call is failed with error status: -1072875772
[14:44:03] [ WARN:5@202.679] global cap_msmf.cpp:1815 CvCapture_MSMF::grabFrame videoio(MSMF): can't grab frame. Error: -1072875772
[14:44:03] [ WARN:5@202.788] global cap_msmf.cpp:1815 CvCapture_MSMF::grabFrame videoio(MSMF): can't grab frame. Error: -1072875772
[14:44:03] [ WARN:5@202.895] global cap_msmf.cpp:1815 CvCapture_MSMF::grabFrame videoio(MSMF): can't grab frame. Error: -1072875772
[14:44:03] [ WARN:5@203.005] global cap_msmf.cpp:1815 CvCapture_MSMF::grabFrame videoio(MSMF): can't grab frame. Error: -1072875772
[14:44:03] [ WARN:5@203.120] global cap_msmf.cpp:1815 CvCapture_MSMF::grabFrame videoio(MSMF): can't grab frame. Error: -1072875772
[14:44:03] [ WARN:5@203.233] global cap_msmf.cpp:1815 CvCapture_MSMF::grabFrame videoio(MSMF): can't grab frame. Error: -1072875772
[14:44:03] [ WARN:5@203.345] global cap_msmf.cpp:1815 CvCapture_MSMF::grabFrame videoio(MSMF): can't grab frame. Error: -1072875772
[14:44:04] [ WARN:5@203.453] global cap_msmf.cpp:1815 CvCapture_MSMF::grabFrame videoio(MSMF): can't grab frame. Error: -1072875772
[14:44:04] [ WARN:5@203.555] global cap_msmf.cpp:1815 CvCapture_MSMF::grabFrame videoio(MSMF): can't grab frame. Error: -1072875772
[14:44:04] [ WARN:5@203.657] global cap_msmf.cpp:1815 CvCapture_MSMF::grabFrame videoio(MSMF): can't grab frame. Error: -1072875772
[14:44:04] [ WARN:5@203.766] global cap_msmf.cpp:1815 CvCapture_MSMF::grabFrame videoio(MSMF): can't grab frame. Error: -1072875772
[14:44:04] [ WARN:5@203.877] global cap_msmf.cpp:1815 CvCapture_MSMF::grabFrame videoio(MSMF): can't grab frame. Error: -1072875772
[14:44:04] [ WARN:5@203.988] global cap_msmf.cpp:1815 CvCapture_MSMF::grabFrame videoio(MSMF): can't grab frame. Error: -1072875772
[14:44:04] [ WARN:5@204.102] global cap_msmf.cpp:1815 CvCapture_MSMF::grabFrame videoio(MSMF): can't grab frame. Error: -1072875772
[14:44:04] [ WARN:5@204.206] global cap_msmf.cpp:1815 CvCapture_MSMF::grabFrame videoio(MSMF): can't grab frame. Error: -1072875772
[14:44:04] [ WARN:5@204.319] global cap_msmf.cpp:1815 CvCapture_MSMF::grabFrame videoio(MSMF): can't grab frame. Error: -1072875772
[14:44:04] [ WARN:5@204.435] global cap_msmf.cpp:1815 CvCapture_MSMF::grabFrame videoio(MSMF): can't grab frame. Error: -1072875772
[14:44:05] [ WARN:5@204.547] global cap_msmf.cpp:1815 CvCapture_MSMF::grabFrame videoio(MSMF): can't grab frame. Error: -1072875772
[14:44:05] [ WARN:5@204.658] global cap_msmf.cpp:1815 CvCapture_MSMF::grabFrame videoio(MSMF): can't grab frame. Error: -1072875772
[14:44:05] [ WARN:5@204.768] global cap_msmf.cpp:1815 CvCapture_MSMF::grabFrame videoio(MSMF): can't grab frame. Error: -1072875772
[14:44:05] [ WARN:5@204.879] global cap_msmf.cpp:1815 CvCapture_MSMF::grabFrame videoio(MSMF): can't grab frame. Error: -1072875772
[14:44:05] [ WARN:5@204.993] global cap_msmf.cpp:1815 CvCapture_MSMF::grabFrame videoio(MSMF): can't grab frame. Error: -1072875772
[14:44:05] [ WARN:5@205.104] global cap_msmf.cpp:1815 CvCapture_MSMF::grabFrame videoio(MSMF): can't grab frame. Error: -1072875772
[14:44:05] [ WARN:5@205.219] global cap_msmf.cpp:1815 CvCapture_MSMF::grabFrame videoio(MSMF): can't grab frame. Error: -1072875772
[14:44:05] [ WARN:5@205.331] global cap_msmf.cpp:1815 CvCapture_MSMF::grabFrame videoio(MSMF): can't grab frame. Error: -1072875772
[14:44:06] [ WARN:5@205.448] global cap_msmf.cpp:1815 CvCapture_MSMF::grabFrame videoio(MSMF): can't grab frame. Error: -1072875772
[14:44:06] [ WARN:5@205.563] global cap_msmf.cpp:1815 CvCapture_MSMF::grabFrame videoio(MSMF): can't grab frame. Error: -1072875772
[14:44:06] [ WARN:5@205.665] global cap_msmf.cpp:1815 CvCapture_MSMF::grabFrame videoio(MSMF): can't grab frame. Error: -1072875772
[14:44:06] [ WARN:5@205.774] global cap_msmf.cpp:1815 CvCapture_MSMF::grabFrame videoio(MSMF): can't grab frame. Error: -1072875772
[14:44:06] [ WARN:5@205.885] global cap_msmf.cpp:1815 CvCapture_MSMF::grabFrame videoio(MSMF): can't grab frame. Error: -1072875772
[14:44:06] [ WARN:5@205.999] global cap_msmf.cpp:1815 CvCapture_MSMF::grabFrame videoio(MSMF): can't grab frame. Error: -1072875772
[14:44:06] [ WARN:5@206.117] global cap_msmf.cpp:1815 CvCapture_MSMF::grabFrame videoio(MSMF): can't grab frame. Error: -1072875772
[14:44:06] [ WARN:5@206.227] global cap_msmf.cpp:1815 CvCapture_MSMF::grabFrame videoio(MSMF): can't grab frame. Error: -1072875772
[14:44:06] [ WARN:5@206.338] global cap_msmf.cpp:1815 CvCapture_MSMF::grabFrame videoio(MSMF): can't grab frame. Error: -1072875772
[14:44:07] [ WARN:5@206.455] global cap_msmf.cpp:1815 CvCapture_MSMF::grabFrame videoio(MSMF): can't grab frame. Error: -1072875772
[14:44:07] [ WARN:5@206.575] global cap_msmf.cpp:1815 CvCapture_MSMF::grabFrame videoio(MSMF): can't grab frame. Error: -1072875772
[14:44:07] [ WARN:5@206.677] global cap_msmf.cpp:1815 CvCapture_MSMF::grabFrame videoio(MSMF): can't grab frame. Error: -1072875772
[14:44:07] [ WARN:5@206.778] global cap_msmf.cpp:1815 CvCapture_MSMF::grabFrame videoio(MSMF): can't grab frame. Error: -1072875772
[14:44:07] [ WARN:5@206.887] global cap_msmf.cpp:1815 CvCapture_MSMF::grabFrame videoio(MSMF): can't grab frame. Error: -1072875772
[14:44:07] [ WARN:5@206.995] global cap_msmf.cpp:1815 CvCapture_MSMF::grabFrame videoio(MSMF): can't grab frame. Error: -1072875772
[14:44:07] [ WARN:5@207.105] global cap_msmf.cpp:1815 CvCapture_MSMF::grabFrame videoio(MSMF): can't grab frame. Error: -1072875772
[14:44:07] [ WARN:5@207.215] global cap_msmf.cpp:1815 CvCapture_MSMF::grabFrame videoio(MSMF): can't grab frame. Error: -1072875772
[14:44:07] [ WARN:5@207.320] global cap_msmf.cpp:1815 CvCapture_MSMF::grabFrame videoio(MSMF): can't grab frame. Error: -1072875772
[14:44:07] [ WARN:5@207.430] global cap_msmf.cpp:1815 CvCapture_MSMF::grabFrame videoio(MSMF): can't grab frame. Error: -1072875772
[14:44:08] [ WARN:5@207.545] global cap_msmf.cpp:1815 CvCapture_MSMF::grabFrame videoio(MSMF): can't grab frame. Error: -1072875772
[14:44:08] [ WARN:5@207.659] global cap_msmf.cpp:1815 CvCapture_MSMF::grabFrame videoio(MSMF): can't grab frame. Error: -1072875772
[14:44:08] [ WARN:5@207.765] global cap_msmf.cpp:1815 CvCapture_MSMF::grabFrame videoio(MSMF): can't grab frame. Error: -1072875772
[14:44:08] [ WARN:5@207.876] global cap_msmf.cpp:1815 CvCapture_MSMF::grabFrame videoio(MSMF): can't grab frame. Error: -1072875772
[14:44:08] [ WARN:5@207.977] global cap_msmf.cpp:1815 CvCapture_MSMF::grabFrame videoio(MSMF): can't grab frame. Error: -1072875772
[14:44:08] [ WARN:5@208.094] global cap_msmf.cpp:1815 CvCapture_MSMF::grabFrame videoio(MSMF): can't grab frame. Error: -1072875772
[14:44:08] [ WARN:5@208.203] global cap_msmf.cpp:1815 CvCapture_MSMF::grabFrame videoio(MSMF): can't grab frame. Error: -1072875772
[14:44:08] [ WARN:5@208.304] global cap_msmf.cpp:1815 CvCapture_MSMF::grabFrame videoio(MSMF): can't grab frame. Error: -1072875772
[14:44:08] [ WARN:5@208.414] global cap_msmf.cpp:1815 CvCapture_MSMF::grabFrame videoio(MSMF): can't grab frame. Error: -1072875772
[14:44:09] [ WARN:5@208.526] global cap_msmf.cpp:1815 CvCapture_MSMF::grabFrame videoio(MSMF): can't grab frame. Error: -1072875772
[14:44:09] [ WARN:5@208.647] global cap_msmf.cpp:1815 CvCapture_MSMF::grabFrame videoio(MSMF): can't grab frame. Error: -1072875772
[14:44:09] [ WARN:5@208.758] global cap_msmf.cpp:1815 CvCapture_MSMF::grabFrame videoio(MSMF): can't grab frame. Error: -1072875772
[14:44:09] [ WARN:5@208.868] global cap_msmf.cpp:1815 CvCapture_MSMF::grabFrame videoio(MSMF): can't grab frame. Error: -1072875772
[14:44:09] [ WARN:5@208.980] global cap_msmf.cpp:1815 CvCapture_MSMF::grabFrame videoio(MSMF): can't grab frame. Error: -1072875772
[14:44:09] [ WARN:5@209.097] global cap_msmf.cpp:1815 CvCapture_MSMF::grabFrame videoio(MSMF): can't grab frame. Error: -1072875772
[14:44:09] [ WARN:5@209.206] global cap_msmf.cpp:1815 CvCapture_MSMF::grabFrame videoio(MSMF): can't grab frame. Error: -1072875772
[14:44:09] [ WARN:5@209.315] global cap_msmf.cpp:1815 CvCapture_MSMF::grabFrame videoio(MSMF): can't grab frame. Error: -1072875772
[14:44:09] [ WARN:5@209.418] global cap_msmf.cpp:1815 CvCapture_MSMF::grabFrame videoio(MSMF): can't grab frame. Error: -1072875772
[14:44:10] [ WARN:5@209.530] global cap_msmf.cpp:1815 CvCapture_MSMF::grabFrame videoio(MSMF): can't grab frame. Error: -1072875772
[14:44:10] [ WARN:5@209.635] global cap_msmf.cpp:1815 CvCapture_MSMF::grabFrame videoio(MSMF): can't grab frame. Error: -1072875772
[14:44:10] [ WARN:5@209.745] global cap_msmf.cpp:1815 CvCapture_MSMF::grabFrame videoio(MSMF): can't grab frame. Error: -1072875772
[14:44:10] [ WARN:5@209.855] global cap_msmf.cpp:1815 CvCapture_MSMF::grabFrame videoio(MSMF): can't grab frame. Error: -1072875772
[14:44:10] [ WARN:5@209.969] global cap_msmf.cpp:1815 CvCapture_MSMF::grabFrame videoio(MSMF): can't grab frame. Error: -1072875772
[14:44:10] [ WARN:5@210.084] global cap_msmf.cpp:1815 CvCapture_MSMF::grabFrame videoio(MSMF): can't grab frame. Error: -1072875772
[14:44:10] [ WARN:5@210.194] global cap_msmf.cpp:1815 CvCapture_MSMF::grabFrame videoio(MSMF): can't grab frame. Error: -1072875772
[14:44:10] [ WARN:5@210.306] global cap_msmf.cpp:1815 CvCapture_MSMF::grabFrame videoio(MSMF): can't grab frame. Error: -1072875772
[14:44:10] [ WARN:5@210.416] global cap_msmf.cpp:1815 CvCapture_MSMF::grabFrame videoio(MSMF): can't grab frame. Error: -1072875772
[14:44:11] [ WARN:5@210.526] global cap_msmf.cpp:1815 CvCapture_MSMF::grabFrame videoio(MSMF): can't grab frame. Error: -1072875772
[14:44:11] [ WARN:5@210.633] global cap_msmf.cpp:1815 CvCapture_MSMF::grabFrame videoio(MSMF): can't grab frame. Error: -1072875772
[14:44:11] [ WARN:5@210.743] global cap_msmf.cpp:1815 CvCapture_MSMF::grabFrame videoio(MSMF): can't grab frame. Error: -1072875772
[14:44:11] [ WARN:5@210.852] global cap_msmf.cpp:1815 CvCapture_MSMF::grabFrame videoio(MSMF): can't grab frame. Error: -1072875772
[14:44:11] [ WARN:5@210.961] global cap_msmf.cpp:1815 CvCapture_MSMF::grabFrame videoio(MSMF): can't grab frame. Error: -1072875772
[14:44:11] [ WARN:5@211.071] global cap_msmf.cpp:1815 CvCapture_MSMF::grabFrame videoio(MSMF): can't grab frame. Error: -1072875772
[14:44:11] [ WARN:5@211.178] global cap_msmf.cpp:1815 CvCapture_MSMF::grabFrame videoio(MSMF): can't grab frame. Error: -1072875772
[14:44:11] [ WARN:5@211.286] global cap_msmf.cpp:1815 CvCapture_MSMF::grabFrame videoio(MSMF): can't grab frame. Error: -1072875772
[14:44:11] [ WARN:5@211.394] global cap_msmf.cpp:1815 CvCapture_MSMF::grabFrame videoio(MSMF): can't grab frame. Error: -1072875772
[14:44:12] [ WARN:5@211.502] global cap_msmf.cpp:1815 CvCapture_MSMF::grabFrame videoio(MSMF): can't grab frame. Error: -1072875772
[14:44:12] [ WARN:5@211.611] global cap_msmf.cpp:1815 CvCapture_MSMF::grabFrame videoio(MSMF): can't grab frame. Error: -1072875772
[14:44:12] [ WARN:5@211.720] global cap_msmf.cpp:1815 CvCapture_MSMF::grabFrame videoio(MSMF): can't grab frame. Error: -1072875772
[14:44:12] [ WARN:5@211.831] global cap_msmf.cpp:1815 CvCapture_MSMF::grabFrame videoio(MSMF): can't grab frame. Error: -1072875772
[14:44:12] [ WARN:5@211.942] global cap_msmf.cpp:1815 CvCapture_MSMF::grabFrame videoio(MSMF): can't grab frame. Error: -1072875772
[14:44:12] [ WARN:5@212.051] global cap_msmf.cpp:1815 CvCapture_MSMF::grabFrame videoio(MSMF): can't grab frame. Error: -1072875772
[14:44:12] [ WARN:5@212.162] global cap_msmf.cpp:1815 CvCapture_MSMF::grabFrame videoio(MSMF): can't grab frame. Error: -1072875772
[14:44:12] [ WARN:5@212.271] global cap_msmf.cpp:1815 CvCapture_MSMF::grabFrame videoio(MSMF): can't grab frame. Error: -1072875772
[14:44:12] [ WARN:5@212.379] global cap_msmf.cpp:1815 CvCapture_MSMF::grabFrame videoio(MSMF): can't grab frame. Error: -1072875772
[14:44:13] [ WARN:5@212.489] global cap_msmf.cpp:1815 CvCapture_MSMF::grabFrame videoio(MSMF): can't grab frame. Error: -1072875772
[14:44:13] [ WARN:5@212.597] global cap_msmf.cpp:1815 CvCapture_MSMF::grabFrame videoio(MSMF): can't grab frame. Error: -1072875772
[14:44:13] [ WARN:5@212.705] global cap_msmf.cpp:1815 CvCapture_MSMF::grabFrame videoio(MSMF): can't grab frame. Error: -1072875772
[14:44:13] [ WARN:5@212.814] global cap_msmf.cpp:1815 CvCapture_MSMF::grabFrame videoio(MSMF): can't grab frame. Error: -1072875772
[14:44:13] [ WARN:5@212.924] global cap_msmf.cpp:1815 CvCapture_MSMF::grabFrame videoio(MSMF): can't grab frame. Error: -1072875772
[14:44:13] [ WARN:5@213.035] global cap_msmf.cpp:1815 CvCapture_MSMF::grabFrame videoio(MSMF): can't grab frame. Error: -1072875772
[14:44:13] [ WARN:5@213.142] global cap_msmf.cpp:1815 CvCapture_MSMF::grabFrame videoio(MSMF): can't grab frame. Error: -1072875772
[14:44:13] [ WARN:5@213.252] global cap_msmf.cpp:1815 CvCapture_MSMF::grabFrame videoio(MSMF): can't grab frame. Error: -1072875772
[14:44:13] [ WARN:5@213.362] global cap_msmf.cpp:1815 CvCapture_MSMF::grabFrame videoio(MSMF): can't grab frame. Error: -1072875772
[14:44:14] [ WARN:5@213.473] global cap_msmf.cpp:1815 CvCapture_MSMF::grabFrame videoio(MSMF): can't grab frame. Error: -1072875772
[14:44:14] [ WARN:5@213.581] global cap_msmf.cpp:1815 CvCapture_MSMF::grabFrame videoio(MSMF): can't grab frame. Error: -1072875772
[14:44:14] [ WARN:5@213.690] global cap_msmf.cpp:1815 CvCapture_MSMF::grabFrame videoio(MSMF): can't grab frame. Error: -1072875772
[14:44:14] [ WARN:5@213.800] global cap_msmf.cpp:1815 CvCapture_MSMF::grabFrame videoio(MSMF): can't grab frame. Error: -1072875772
[14:44:14] [ WARN:5@213.910] global cap_msmf.cpp:1815 CvCapture_MSMF::grabFrame videoio(MSMF): can't grab frame. Error: -1072875772
[14:44:14] [ WARN:5@214.019] global cap_msmf.cpp:1815 CvCapture_MSMF::grabFrame videoio(MSMF): can't grab frame. Error: -1072875772
[14:44:14] [ WARN:5@214.126] global cap_msmf.cpp:1815 CvCapture_MSMF::grabFrame videoio(MSMF): can't grab frame. Error: -1072875772
[14:44:14] [ WARN:5@214.236] global cap_msmf.cpp:1815 CvCapture_MSMF::grabFrame videoio(MSMF): can't grab frame. Error: -1072875772
[14:44:14] [ WARN:5@214.343] global cap_msmf.cpp:1815 CvCapture_MSMF::grabFrame videoio(MSMF): can't grab frame. Error: -1072875772
[14:44:15] [ WARN:5@214.453] global cap_msmf.cpp:1815 CvCapture_MSMF::grabFrame videoio(MSMF): can't grab frame. Error: -1072875772
[14:44:15] [ WARN:5@214.564] global cap_msmf.cpp:1815 CvCapture_MSMF::grabFrame videoio(MSMF): can't grab frame. Error: -1072875772
[14:44:15] [ WARN:5@214.673] global cap_msmf.cpp:1815 CvCapture_MSMF::grabFrame videoio(MSMF): can't grab frame. Error: -1072875772
[14:44:15] [ WARN:5@214.781] global cap_msmf.cpp:1815 CvCapture_MSMF::grabFrame videoio(MSMF): can't grab frame. Error: -1072875772
[14:44:15] [ WARN:5@214.890] global cap_msmf.cpp:1815 CvCapture_MSMF::grabFrame videoio(MSMF): can't grab frame. Error: -1072875772
[14:44:15] [ WARN:5@215.000] global cap_msmf.cpp:1815 CvCapture_MSMF::grabFrame videoio(MSMF): can't grab frame. Error: -1072875772
[14:44:15] [ WARN:5@215.108] global cap_msmf.cpp:1815 CvCapture_MSMF::grabFrame videoio(MSMF): can't grab frame. Error: -1072875772
[14:44:15] [ WARN:5@215.216] global cap_msmf.cpp:1815 CvCapture_MSMF::grabFrame videoio(MSMF): can't grab frame. Error: -1072875772
[14:44:15] [ WARN:5@215.326] global cap_msmf.cpp:1815 CvCapture_MSMF::grabFrame videoio(MSMF): can't grab frame. Error: -1072875772
[14:44:15] [ WARN:5@215.437] global cap_msmf.cpp:1815 CvCapture_MSMF::grabFrame videoio(MSMF): can't grab frame. Error: -1072875772
[14:44:16] [ WARN:5@215.547] global cap_msmf.cpp:1815 CvCapture_MSMF::grabFrame videoio(MSMF): can't grab frame. Error: -1072875772
[14:44:16] [ WARN:5@215.656] global cap_msmf.cpp:1815 CvCapture_MSMF::grabFrame videoio(MSMF): can't grab frame. Error: -1072875772
[14:44:16] [ WARN:5@215.766] global cap_msmf.cpp:1815 CvCapture_MSMF::grabFrame videoio(MSMF): can't grab frame. Error: -1072875772
[14:44:16] [ WARN:5@215.875] global cap_msmf.cpp:1815 CvCapture_MSMF::grabFrame videoio(MSMF): can't grab frame. Error: -1072875772
[14:44:16] [ WARN:5@215.984] global cap_msmf.cpp:1815 CvCapture_MSMF::grabFrame videoio(MSMF): can't grab frame. Error: -1072875772
[14:44:16] [ WARN:5@216.093] global cap_msmf.cpp:1815 CvCapture_MSMF::grabFrame videoio(MSMF): can't grab frame. Error: -1072875772
[14:44:16] [ WARN:5@216.202] global cap_msmf.cpp:1815 CvCapture_MSMF::grabFrame videoio(MSMF): can't grab frame. Error: -1072875772
[14:44:16] [ WARN:5@216.318] global cap_msmf.cpp:1815 CvCapture_MSMF::grabFrame videoio(MSMF): can't grab frame. Error: -1072875772
[14:44:16] [ WARN:5@216.431] global cap_msmf.cpp:1815 CvCapture_MSMF::grabFrame videoio(MSMF): can't grab frame. Error: -1072875772
[14:44:17] [ WARN:5@216.542] global cap_msmf.cpp:1815 CvCapture_MSMF::grabFrame videoio(MSMF): can't grab frame. Error: -1072875772
[14:44:17] [ WARN:5@216.654] global cap_msmf.cpp:1815 CvCapture_MSMF::grabFrame videoio(MSMF): can't grab frame. Error: -1072875772
[14:44:17] [ WARN:5@216.755] global cap_msmf.cpp:1815 CvCapture_MSMF::grabFrame videoio(MSMF): can't grab frame. Error: -1072875772
[14:44:17] [ WARN:5@216.866] global cap_msmf.cpp:1815 CvCapture_MSMF::grabFrame videoio(MSMF): can't grab frame. Error: -1072875772
[14:44:17] [ WARN:5@216.978] global cap_msmf.cpp:1815 CvCapture_MSMF::grabFrame videoio(MSMF): can't grab frame. Error: -1072875772
[14:44:17] [ WARN:5@217.088] global cap_msmf.cpp:1815 CvCapture_MSMF::grabFrame videoio(MSMF): can't grab frame. Error: -1072875772
[14:44:45] ### TIEN TRINH TU THOAT (exit code 0)
[14:50:57] ==============================================================================
[14:50:57] ### PHIEN MOI luc 2026-08-25 14:50:57
[14:50:57] ### run_mode = script (target: D:\Camera\Dev\Service_Manager\modules\gui\Do_khoang_cach_kem_camera_v7.py)
[14:50:57] ### KHOI DONG: D:\Camera\Dev\Camera_venv\Scripts\python.exe -u D:\Camera\Dev\Service_Manager\modules\gui\Do_khoang_cach_kem_camera_v7.py
[14:50:57] ### Thu muc lam viec: D:\Camera\Dev\Service_Manager\modules\gui
[14:50:57] ### PID = 27824
[14:58:01] ### TIEN TRINH TU THOAT (exit code 0)
[14:58:33] ==============================================================================
[14:58:33] ### PHIEN MOI luc 2026-08-25 14:58:33
[14:58:33] ### run_mode = script (target: D:\Camera\Dev\Service_Manager\modules\gui\Do_khoang_cach_kem_camera_v7.py)
[14:58:33] ### KHOI DONG: D:\Camera\Dev\Camera_venv\Scripts\python.exe -u D:\Camera\Dev\Service_Manager\modules\gui\Do_khoang_cach_kem_camera_v7.py
[14:58:33] ### Thu muc lam viec: D:\Camera\Dev\Service_Manager\modules\gui
[14:58:33] ### PID = 48916
[16:47:04] ### Dang gui tin hieu dung...
[16:47:10] ### Khong tu thoat - buoc dung ca cay process (taskkill /T /F)
[16:47:10] ### DA DUNG (exit code 1)
[17:03:23] ==============================================================================
[17:03:23] ### PHIEN MOI luc 2026-08-25 17:03:23
[17:03:23] ### run_mode = script (target: D:\Camera\Dev\Service_Manager\modules\gui\Do_khoang_cach_kem_camera_v7.py)
[17:03:23] ### KHOI DONG: D:\Camera\Dev\Camera_venv\Scripts\python.exe -u D:\Camera\Dev\Service_Manager\modules\gui\Do_khoang_cach_kem_camera_v7.py
[17:03:23] ### Thu muc lam viec: D:\Camera\Dev\Service_Manager\modules\gui
[17:03:23] ### PID = 16392
[17:20:57] ### Dang gui tin hieu dung...
[17:21:03] ### Khong tu thoat - buoc dung ca cay process (taskkill /T /F)
[17:21:04] ### DA DUNG (exit code 1)
[17:24:19] ==============================================================================
[17:24:19] ### PHIEN MOI luc 2026-08-25 17:24:19
[17:24:19] ### run_mode = script (target: D:\Camera\Dev\Service_Manager\modules\gui\Do_khoang_cach_kem_camera_v7.py)
[17:24:19] ### KHOI DONG: D:\Camera\Dev\Camera_venv\Scripts\python.exe -u D:\Camera\Dev\Service_Manager\modules\gui\Do_khoang_cach_kem_camera_v7.py
[17:24:19] ### Thu muc lam viec: D:\Camera\Dev\Service_Manager\modules\gui
[17:24:19] ### PID = 3588
[17:39:42] ### Dang gui tin hieu dung...
[17:39:48] ### Khong tu thoat - buoc dung ca cay process (taskkill /T /F)
[17:39:49] ### DA DUNG (exit code 1)
[17:43:24] ==============================================================================
[17:43:24] ### PHIEN MOI luc 2026-08-25 17:43:24
[17:43:24] ### run_mode = script (target: D:\Camera\Dev\Service_Manager\modules\gui\Do_khoang_cach_kem_camera_v7.py)
[17:43:24] ### KHOI DONG: D:\Camera\Dev\Camera_venv\Scripts\python.exe -u D:\Camera\Dev\Service_Manager\modules\gui\Do_khoang_cach_kem_camera_v7.py
[17:43:24] ### Thu muc lam viec: D:\Camera\Dev\Service_Manager\modules\gui
[17:43:24] ### PID = 40140
[17:44:01] ### Dang gui tin hieu dung...
[17:44:07] ### Khong tu thoat - buoc dung ca cay process (taskkill /T /F)
[17:44:08] ### DA DUNG (exit code 1)
[17:44:11] ==============================================================================
[17:44:11] ### PHIEN MOI luc 2026-08-25 17:44:11
[17:44:11] ### run_mode = script (target: D:\Camera\Dev\Service_Manager\modules\gui\Do_khoang_cach_kem_camera_v7.py)
[17:44:11] ### KHOI DONG: D:\Camera\Dev\Camera_venv\Scripts\python.exe -u D:\Camera\Dev\Service_Manager\modules\gui\Do_khoang_cach_kem_camera_v7.py
[17:44:11] ### Thu muc lam viec: D:\Camera\Dev\Service_Manager\modules\gui
[17:44:11] ### PID = 20644
[18:15:35] ### THOAT BAT THUONG (exit code 1073807364)
[18:18:36] ==============================================================================
[18:18:36] ### PHIEN MOI luc 2026-08-25 18:18:36
[18:18:36] ### run_mode = script (target: D:\Camera\Dev\Service_Manager\modules\gui\Do_khoang_cach_kem_camera_v7.py)
[18:18:36] ### KHOI DONG: D:\Camera\Dev\Camera_venv\Scripts\python.exe -u D:\Camera\Dev\Service_Manager\modules\gui\Do_khoang_cach_kem_camera_v7.py
[18:18:36] ### Thu muc lam viec: D:\Camera\Dev\Service_Manager\modules\gui
[18:18:36] ### PID = 3156
[18:20:06] ### THOAT BAT THUONG (exit code 1073807364)
